Copyright 1986-2022 Xilinx, Inc. All Rights Reserved. Copyright 2022-2024 Advanced Micro Devices, Inc. All Rights Reserved.
---------------------------------------------------------------------------------------------------------------------------------------------
| Tool Version : Vivado v.2024.2 (win64) Build 5239630 Fri Nov 08 22:35:27 MST 2024
| Date         : Thu Sep 24 21:37:20 2026
| Host         : DESKTOP-6EVF12B running 64-bit major release  (build 9200)
| Command      : report_control_sets -verbose -file NEXYS_A7_control_sets_placed.rpt
| Design       : NEXYS_A7
| Device       : xc7a100t
---------------------------------------------------------------------------------------------------------------------------------------------

Control Set Information

Table of Contents
-----------------
1. Summary
2. Histogram
3. Flip-Flop Distribution
4. Detailed Control Set Information

1. Summary
----------

+----------------------------------------------------------+-------+
|                          Status                          | Count |
+----------------------------------------------------------+-------+
| Total control sets                                       |    12 |
|    Minimum number of control sets                        |    12 |
|    Addition due to synthesis replication                 |     0 |
|    Addition due to physical synthesis replication        |     0 |
| Unused register locations in slices containing registers |    59 |
+----------------------------------------------------------+-------+
* Control sets can be merged at opt_design using control_set_merge or merge_equivalent_drivers
** Run report_qor_suggestions for automated merging and remapping suggestions


2. Histogram
------------

+--------------------+-------+
|       Fanout       | Count |
+--------------------+-------+
| Total control sets |    12 |
| >= 0 to < 4        |     1 |
| >= 4 to < 6        |     2 |
| >= 6 to < 8        |     0 |
| >= 8 to < 10       |     1 |
| >= 10 to < 12      |     4 |
| >= 12 to < 14      |     0 |
| >= 14 to < 16      |     0 |
| >= 16              |     4 |
+--------------------+-------+
* Control sets can be remapped at either synth_design or opt_design


3. Flip-Flop Distribution
-------------------------

+--------------+-----------------------+------------------------+-----------------+--------------+
| Clock Enable | Synchronous Set/Reset | Asynchronous Set/Reset | Total Registers | Total Slices |
+--------------+-----------------------+------------------------+-----------------+--------------+
| No           | No                    | No                     |              54 |           22 |
| No           | No                    | Yes                    |              96 |           37 |
| No           | Yes                   | No                     |              62 |           16 |
| Yes          | No                    | No                     |               0 |            0 |
| Yes          | No                    | Yes                    |               0 |            0 |
| Yes          | Yes                   | No                     |              65 |           22 |
+--------------+-----------------------+------------------------+-----------------+--------------+


4. Detailed Control Set Information
-----------------------------------

+----------------------+--------------------------+----------------------------+------------------+----------------+--------------+
|     Clock Signal     |       Enable Signal      |      Set/Reset Signal      | Slice Load Count | Bel Load Count | Bels / Slice |
+----------------------+--------------------------+----------------------------+------------------+----------------+--------------+
|  CLK100MHZ_IBUF_BUFG |                          | vga_b/o_r[0]_i_1_n_0       |                1 |              3 |         3.00 |
|  CLK100MHZ_IBUF_BUFG | top0/o_max[3]_i_1_n_0    | rst                        |                1 |              4 |         4.00 |
|  CLK100MHZ_IBUF_BUFG | top0/o_random[3]_i_1_n_0 | rst                        |                2 |              4 |         2.00 |
|  CLK100MHZ_IBUF_BUFG |                          | vga_b/o_r[3]_i_1_n_0       |                2 |              9 |         4.50 |
|  CLK100MHZ_IBUF_BUFG |                          | top0/o_last_valid_reg_0[0] |                2 |             10 |         5.00 |
|  CLK100MHZ_IBUF_BUFG | db_d/o_pos               | rst                        |                3 |             10 |         3.33 |
|  CLK100MHZ_IBUF_BUFG | vga_t/pix_en             | rst                        |                5 |             10 |         2.00 |
|  CLK100MHZ_IBUF_BUFG | vga_t/v_r[9]_i_1_n_0     | rst                        |                4 |             10 |         2.50 |
|  CLK100MHZ_IBUF_BUFG |                          | top0/o_cur_valid_reg_0[0]  |                5 |             18 |         3.60 |
|  CLK100MHZ_IBUF_BUFG | top0/LED_OBUF[3]         | top0/tick_cnt[0]_i_1_n_0   |                7 |             27 |         3.86 |
|  CLK100MHZ_IBUF_BUFG |                          |                            |               22 |             54 |         2.45 |
|  CLK100MHZ_IBUF_BUFG |                          | rst                        |               43 |            118 |         2.74 |
+----------------------+--------------------------+----------------------------+------------------+----------------+--------------+


