#-----------------------------------------------------------
# Vivado v2024.2 (64-bit)
# SW Build 5239630 on Fri Nov 08 22:35:27 MST 2024
# IP Build 5239520 on Sun Nov 10 16:12:51 MST 2024
# SharedData Build 5239561 on Fri Nov 08 14:39:27 MST 2024
# Start of session at: Tue Sep 29 18:31:14 2026
# Process ID         : 1668
# Current directory  : C:/Users/DCLAB/Documents/FPGA_Lab1
# Command line       : vivado.exe -mode gui C:\Users\DCLAB\Documents\FPGA_Lab1\team04_lab1\NEXYS_A7\NEXYS_A7.xpr
# Log file           : C:/Users/DCLAB/Documents/FPGA_Lab1/vivado.log
# Journal file       : C:/Users/DCLAB/Documents/FPGA_Lab1\vivado.jou
# Running On         : DESKTOP-6EVF12B
# Platform           : Windows Server 2016 or Windows 10
# Operating System   : 19045
# Processor Detail   : Intel(R) Core(TM) i7-7700 CPU @ 3.60GHz
# CPU Frequency      : 3600 MHz
# CPU Physical cores : 4
# CPU Logical cores  : 8
# Host memory        : 34237 MB
# Swap memory        : 5100 MB
# Total Virtual      : 39338 MB
# Available Virtual  : 29991 MB
#-----------------------------------------------------------
start_gui
open_project C:/Users/DCLAB/Documents/FPGA_Lab1/team04_lab1/NEXYS_A7/NEXYS_A7.xpr
INFO: [filemgmt 56-3] Default IP Output Path : Could not find the directory 'C:/Users/DCLAB/Documents/FPGA_Lab1/team04_lab1/NEXYS_A7/NEXYS_A7.gen/sources_1'.
Scanning sources...
Finished scanning sources
INFO: [IP_Flow 19-234] Refreshing IP repositories
INFO: [IP_Flow 19-1704] No user IP repositories specified
INFO: [IP_Flow 19-2313] Loaded Vivado IP repository 'C:/Xilinx1/Vivado/2024.2/data/ip'.
open_project: Time (s): cpu = 00:00:12 ; elapsed = 00:00:05 . Memory (MB): peak = 1210.926 ; gain = 109.215
update_compile_order -fileset sources_1
