#-----------------------------------------------------------
# Vivado v2024.2 (64-bit)
# SW Build 5239630 on Fri Nov 08 22:35:27 MST 2024
# IP Build 5239520 on Sun Nov 10 16:12:51 MST 2024
# SharedData Build 5239561 on Fri Nov 08 14:39:27 MST 2024
# Start of session at: Tue Sep 29 19:53:22 2026
# Process ID         : 2372
# Current directory  : C:/Users/DCLAB/Documents/FPGA_Lab1
# Command line       : vivado.exe -mode batch -source C:\Users\DCLAB\Documents\FPGA_Lab1\scripts\run_project7.tcl -nojournal -log C:\Users\DCLAB\Documents\FPGA_Lab1\report\project7\vivado_current.log
# Log file           : C:/Users/DCLAB/Documents/FPGA_Lab1/report/project7/vivado_current.log
# Journal file       : 
# Running On         : DESKTOP-6EVF12B
# Platform           : Windows Server 2016 or Windows 10
# Operating System   : 19045
# Processor Detail   : Intel(R) Core(TM) i7-7700 CPU @ 3.60GHz
# CPU Frequency      : 3600 MHz
# CPU Physical cores : 4
# CPU Logical cores  : 8
# Host memory        : 34237 MB
# Swap memory        : 5100 MB
# Total Virtual      : 39338 MB
# Available Virtual  : 29413 MB
#-----------------------------------------------------------
CRITICAL WARNING: [Common 17-741] No write access right to the local Tcl store at 'C'. XilinxTclStore is reverted to the installation area. If you want to use local Tcl Store, please change the access right and relaunch Vivado.
source {C:\Users\DCLAB\Documents\FPGA_Lab1\scripts\run_project7.tcl}
# set root [file normalize [file join [file dirname [info script]] ..]]
# set project_file [file join $root team04_lab1 NEXYS_A7 NEXYS_A7.xpr]
# set report_dir [file join $root report project7]
# file mkdir $report_dir
# set_param general.maxThreads 4
# open_project $project_file
INFO: [filemgmt 56-3] Default IP Output Path : Could not find the directory 'C:/Users/DCLAB/Documents/FPGA_Lab1/team04_lab1/NEXYS_A7/NEXYS_A7.gen/sources_1'.
Scanning sources...
Finished scanning sources
# synth_design -top NEXYS_A7 -part xc7a100tcsg324-1 -flatten_hierarchy rebuilt
Command: synth_design -top NEXYS_A7 -part xc7a100tcsg324-1 -flatten_hierarchy rebuilt
Starting synth_design
Attempting to get a license for feature 'Synthesis' and/or device 'xc7a100t'
INFO: [Common 17-349] Got license for feature 'Synthesis' and/or device 'xc7a100t'
INFO: [Device 21-403] Loading part xc7a100tcsg324-1
INFO: [Synth 8-7079] Multithreading enabled for synth_design using a maximum of 4 processes.
INFO: [Synth 8-7078] Launching helper process for spawning children vivado processes
INFO: [Synth 8-7075] Helper process launched with PID 13816
---------------------------------------------------------------------------------
Starting RTL Elaboration : Time (s): cpu = 00:00:06 ; elapsed = 00:00:07 . Memory (MB): peak = 1043.797 ; gain = 468.383
---------------------------------------------------------------------------------
INFO: [Synth 8-6157] synthesizing module 'NEXYS_A7' [C:/Users/DCLAB/Documents/FPGA_Lab1/team04_lab1/NEXYS_A7_t/NEXYS_A7.sv:1]
INFO: [Synth 8-6157] synthesizing module 'Top' [C:/Users/DCLAB/Documents/FPGA_Lab1/team04_lab1/NEXYS_A7_t/Top.sv:2]
INFO: [Synth 8-6155] done synthesizing module 'Top' (0#1) [C:/Users/DCLAB/Documents/FPGA_Lab1/team04_lab1/NEXYS_A7_t/Top.sv:2]
INFO: [Synth 8-6155] done synthesizing module 'NEXYS_A7' (0#1) [C:/Users/DCLAB/Documents/FPGA_Lab1/team04_lab1/NEXYS_A7_t/NEXYS_A7.sv:1]
WARNING: [Synth 8-3917] design NEXYS_A7 has port LED[15] driven by constant 0
WARNING: [Synth 8-3917] design NEXYS_A7 has port LED[14] driven by constant 0
WARNING: [Synth 8-3917] design NEXYS_A7 has port LED[13] driven by constant 0
WARNING: [Synth 8-3917] design NEXYS_A7 has port LED[12] driven by constant 0
WARNING: [Synth 8-3917] design NEXYS_A7 has port LED[11] driven by constant 0
WARNING: [Synth 8-3917] design NEXYS_A7 has port LED[10] driven by constant 0
WARNING: [Synth 8-3917] design NEXYS_A7 has port LED[9] driven by constant 0
WARNING: [Synth 8-3917] design NEXYS_A7 has port LED[8] driven by constant 0
WARNING: [Synth 8-3917] design NEXYS_A7 has port LED[7] driven by constant 0
WARNING: [Synth 8-3917] design NEXYS_A7 has port LED[6] driven by constant 0
WARNING: [Synth 8-3917] design NEXYS_A7 has port LED[5] driven by constant 0
WARNING: [Synth 8-3917] design NEXYS_A7 has port LED[4] driven by constant 0
WARNING: [Synth 8-3917] design NEXYS_A7 has port LED[3] driven by constant 0
WARNING: [Synth 8-3917] design NEXYS_A7 has port LED[2] driven by constant 0
WARNING: [Synth 8-3917] design NEXYS_A7 has port LED[1] driven by constant 0
WARNING: [Synth 8-3917] design NEXYS_A7 has port LED[0] driven by constant 0
WARNING: [Synth 8-3917] design NEXYS_A7 has port LED16_B driven by constant 0
WARNING: [Synth 8-3917] design NEXYS_A7 has port LED16_G driven by constant 0
WARNING: [Synth 8-3917] design NEXYS_A7 has port LED16_R driven by constant 0
WARNING: [Synth 8-3917] design NEXYS_A7 has port LED17_B driven by constant 0
WARNING: [Synth 8-3917] design NEXYS_A7 has port LED17_G driven by constant 0
WARNING: [Synth 8-3917] design NEXYS_A7 has port LED17_R driven by constant 0
WARNING: [Synth 8-3917] design NEXYS_A7 has port DP driven by constant 1
WARNING: [Synth 8-3917] design NEXYS_A7 has port VGA_R[3] driven by constant 0
WARNING: [Synth 8-3917] design NEXYS_A7 has port VGA_R[2] driven by constant 0
WARNING: [Synth 8-3917] design NEXYS_A7 has port VGA_R[1] driven by constant 0
WARNING: [Synth 8-3917] design NEXYS_A7 has port VGA_R[0] driven by constant 0
WARNING: [Synth 8-3917] design NEXYS_A7 has port VGA_G[3] driven by constant 0
WARNING: [Synth 8-3917] design NEXYS_A7 has port VGA_G[2] driven by constant 0
WARNING: [Synth 8-3917] design NEXYS_A7 has port VGA_G[1] driven by constant 0
WARNING: [Synth 8-3917] design NEXYS_A7 has port VGA_G[0] driven by constant 0
WARNING: [Synth 8-3917] design NEXYS_A7 has port VGA_B[3] driven by constant 0
WARNING: [Synth 8-3917] design NEXYS_A7 has port VGA_B[2] driven by constant 0
WARNING: [Synth 8-3917] design NEXYS_A7 has port VGA_B[1] driven by constant 0
WARNING: [Synth 8-3917] design NEXYS_A7 has port VGA_B[0] driven by constant 0
WARNING: [Synth 8-3917] design NEXYS_A7 has port VGA_HS driven by constant 0
WARNING: [Synth 8-3917] design NEXYS_A7 has port VGA_VS driven by constant 0
WARNING: [Synth 8-3917] design NEXYS_A7 has port SD_RESET driven by constant 0
WARNING: [Synth 8-3917] design NEXYS_A7 has port ACL_MOSI driven by constant 0
WARNING: [Synth 8-3917] design NEXYS_A7 has port ACL_SCLK driven by constant 0
WARNING: [Synth 8-3917] design NEXYS_A7 has port ACL_CSN driven by constant 1
WARNING: [Synth 8-3917] design NEXYS_A7 has port TMP_SCL driven by constant 1
WARNING: [Synth 8-3917] design NEXYS_A7 has port M_CLK driven by constant 0
WARNING: [Synth 8-3917] design NEXYS_A7 has port M_LRSEL driven by constant 0
WARNING: [Synth 8-3917] design NEXYS_A7 has port AUD_PWM driven by constant 0
WARNING: [Synth 8-3917] design NEXYS_A7 has port AUD_SD driven by constant 0
WARNING: [Synth 8-3917] design NEXYS_A7 has port UART_RXD_OUT driven by constant 1
WARNING: [Synth 8-3917] design NEXYS_A7 has port UART_CTS driven by constant 1
WARNING: [Synth 8-3917] design NEXYS_A7 has port ETH_MDC driven by constant 0
WARNING: [Synth 8-3917] design NEXYS_A7 has port ETH_RSTN driven by constant 0
WARNING: [Synth 8-3917] design NEXYS_A7 has port ETH_TXEN driven by constant 0
WARNING: [Synth 8-3917] design NEXYS_A7 has port ETH_TXD[1] driven by constant 0
WARNING: [Synth 8-3917] design NEXYS_A7 has port ETH_TXD[0] driven by constant 0
WARNING: [Synth 8-3917] design NEXYS_A7 has port QSPI_CSN driven by constant 1
WARNING: [Synth 8-7129] Port JA[10] in module NEXYS_A7 is either unconnected or has no load
WARNING: [Synth 8-7129] Port JA[9] in module NEXYS_A7 is either unconnected or has no load
WARNING: [Synth 8-7129] Port JA[8] in module NEXYS_A7 is either unconnected or has no load
WARNING: [Synth 8-7129] Port JA[7] in module NEXYS_A7 is either unconnected or has no load
WARNING: [Synth 8-7129] Port JA[6] in module NEXYS_A7 is either unconnected or has no load
WARNING: [Synth 8-7129] Port JA[5] in module NEXYS_A7 is either unconnected or has no load
WARNING: [Synth 8-7129] Port JA[4] in module NEXYS_A7 is either unconnected or has no load
WARNING: [Synth 8-7129] Port JA[3] in module NEXYS_A7 is either unconnected or has no load
WARNING: [Synth 8-7129] Port JA[2] in module NEXYS_A7 is either unconnected or has no load
WARNING: [Synth 8-7129] Port JA[1] in module NEXYS_A7 is either unconnected or has no load
WARNING: [Synth 8-7129] Port JA[0] in module NEXYS_A7 is either unconnected or has no load
WARNING: [Synth 8-7129] Port JB[10] in module NEXYS_A7 is either unconnected or has no load
WARNING: [Synth 8-7129] Port JB[9] in module NEXYS_A7 is either unconnected or has no load
WARNING: [Synth 8-7129] Port JB[8] in module NEXYS_A7 is either unconnected or has no load
WARNING: [Synth 8-7129] Port JB[7] in module NEXYS_A7 is either unconnected or has no load
WARNING: [Synth 8-7129] Port JB[6] in module NEXYS_A7 is either unconnected or has no load
WARNING: [Synth 8-7129] Port JB[5] in module NEXYS_A7 is either unconnected or has no load
WARNING: [Synth 8-7129] Port JB[4] in module NEXYS_A7 is either unconnected or has no load
WARNING: [Synth 8-7129] Port JB[3] in module NEXYS_A7 is either unconnected or has no load
WARNING: [Synth 8-7129] Port JB[2] in module NEXYS_A7 is either unconnected or has no load
WARNING: [Synth 8-7129] Port JB[1] in module NEXYS_A7 is either unconnected or has no load
WARNING: [Synth 8-7129] Port JB[0] in module NEXYS_A7 is either unconnected or has no load
WARNING: [Synth 8-7129] Port JC[10] in module NEXYS_A7 is either unconnected or has no load
WARNING: [Synth 8-7129] Port JC[9] in module NEXYS_A7 is either unconnected or has no load
WARNING: [Synth 8-7129] Port JC[8] in module NEXYS_A7 is either unconnected or has no load
WARNING: [Synth 8-7129] Port JC[7] in module NEXYS_A7 is either unconnected or has no load
WARNING: [Synth 8-7129] Port JC[6] in module NEXYS_A7 is either unconnected or has no load
WARNING: [Synth 8-7129] Port JC[5] in module NEXYS_A7 is either unconnected or has no load
WARNING: [Synth 8-7129] Port JC[4] in module NEXYS_A7 is either unconnected or has no load
WARNING: [Synth 8-7129] Port JC[3] in module NEXYS_A7 is either unconnected or has no load
WARNING: [Synth 8-7129] Port JC[2] in module NEXYS_A7 is either unconnected or has no load
WARNING: [Synth 8-7129] Port JC[1] in module NEXYS_A7 is either unconnected or has no load
WARNING: [Synth 8-7129] Port JC[0] in module NEXYS_A7 is either unconnected or has no load
WARNING: [Synth 8-7129] Port JD[10] in module NEXYS_A7 is either unconnected or has no load
WARNING: [Synth 8-7129] Port JD[9] in module NEXYS_A7 is either unconnected or has no load
WARNING: [Synth 8-7129] Port JD[8] in module NEXYS_A7 is either unconnected or has no load
WARNING: [Synth 8-7129] Port JD[7] in module NEXYS_A7 is either unconnected or has no load
WARNING: [Synth 8-7129] Port JD[6] in module NEXYS_A7 is either unconnected or has no load
WARNING: [Synth 8-7129] Port JD[5] in module NEXYS_A7 is either unconnected or has no load
WARNING: [Synth 8-7129] Port JD[4] in module NEXYS_A7 is either unconnected or has no load
WARNING: [Synth 8-7129] Port JD[3] in module NEXYS_A7 is either unconnected or has no load
WARNING: [Synth 8-7129] Port JD[2] in module NEXYS_A7 is either unconnected or has no load
WARNING: [Synth 8-7129] Port JD[1] in module NEXYS_A7 is either unconnected or has no load
WARNING: [Synth 8-7129] Port JD[0] in module NEXYS_A7 is either unconnected or has no load
WARNING: [Synth 8-7129] Port XA_N[4] in module NEXYS_A7 is either unconnected or has no load
WARNING: [Synth 8-7129] Port XA_N[3] in module NEXYS_A7 is either unconnected or has no load
WARNING: [Synth 8-7129] Port XA_N[2] in module NEXYS_A7 is either unconnected or has no load
WARNING: [Synth 8-7129] Port XA_N[1] in module NEXYS_A7 is either unconnected or has no load
WARNING: [Synth 8-7129] Port XA_N[0] in module NEXYS_A7 is either unconnected or has no load
WARNING: [Synth 8-7129] Port XA_P[4] in module NEXYS_A7 is either unconnected or has no load
WARNING: [Synth 8-7129] Port XA_P[3] in module NEXYS_A7 is either unconnected or has no load
WARNING: [Synth 8-7129] Port XA_P[2] in module NEXYS_A7 is either unconnected or has no load
WARNING: [Synth 8-7129] Port XA_P[1] in module NEXYS_A7 is either unconnected or has no load
WARNING: [Synth 8-7129] Port XA_P[0] in module NEXYS_A7 is either unconnected or has no load
WARNING: [Synth 8-7129] Port SD_SCK in module NEXYS_A7 is either unconnected or has no load
WARNING: [Synth 8-7129] Port SD_CMD in module NEXYS_A7 is either unconnected or has no load
WARNING: [Synth 8-7129] Port SD_DAT[3] in module NEXYS_A7 is either unconnected or has no load
WARNING: [Synth 8-7129] Port SD_DAT[2] in module NEXYS_A7 is either unconnected or has no load
WARNING: [Synth 8-7129] Port SD_DAT[1] in module NEXYS_A7 is either unconnected or has no load
WARNING: [Synth 8-7129] Port SD_DAT[0] in module NEXYS_A7 is either unconnected or has no load
WARNING: [Synth 8-7129] Port TMP_SDA in module NEXYS_A7 is either unconnected or has no load
WARNING: [Synth 8-7129] Port PS2_CLK in module NEXYS_A7 is either unconnected or has no load
WARNING: [Synth 8-7129] Port PS2_DATA in module NEXYS_A7 is either unconnected or has no load
WARNING: [Synth 8-7129] Port ETH_MDIO in module NEXYS_A7 is either unconnected or has no load
WARNING: [Synth 8-7129] Port ETH_CRSDV in module NEXYS_A7 is either unconnected or has no load
WARNING: [Synth 8-7129] Port ETH_RXERR in module NEXYS_A7 is either unconnected or has no load
WARNING: [Synth 8-7129] Port ETH_RXD[1] in module NEXYS_A7 is either unconnected or has no load
WARNING: [Synth 8-7129] Port ETH_RXD[0] in module NEXYS_A7 is either unconnected or has no load
WARNING: [Synth 8-7129] Port ETH_REFCLK in module NEXYS_A7 is either unconnected or has no load
WARNING: [Synth 8-7129] Port ETH_INTN in module NEXYS_A7 is either unconnected or has no load
WARNING: [Synth 8-7129] Port QSPI_DQ[3] in module NEXYS_A7 is either unconnected or has no load
WARNING: [Synth 8-7129] Port QSPI_DQ[2] in module NEXYS_A7 is either unconnected or has no load
WARNING: [Synth 8-7129] Port QSPI_DQ[1] in module NEXYS_A7 is either unconnected or has no load
WARNING: [Synth 8-7129] Port QSPI_DQ[0] in module NEXYS_A7 is either unconnected or has no load
WARNING: [Synth 8-7129] Port SW[15] in module NEXYS_A7 is either unconnected or has no load
WARNING: [Synth 8-7129] Port SW[14] in module NEXYS_A7 is either unconnected or has no load
WARNING: [Synth 8-7129] Port SW[13] in module NEXYS_A7 is either unconnected or has no load
WARNING: [Synth 8-7129] Port SW[12] in module NEXYS_A7 is either unconnected or has no load
WARNING: [Synth 8-7129] Port SW[11] in module NEXYS_A7 is either unconnected or has no load
WARNING: [Synth 8-7129] Port SW[10] in module NEXYS_A7 is either unconnected or has no load
WARNING: [Synth 8-7129] Port SW[9] in module NEXYS_A7 is either unconnected or has no load
WARNING: [Synth 8-7129] Port SW[8] in module NEXYS_A7 is either unconnected or has no load
WARNING: [Synth 8-7129] Port SW[7] in module NEXYS_A7 is either unconnected or has no load
WARNING: [Synth 8-7129] Port SW[6] in module NEXYS_A7 is either unconnected or has no load
WARNING: [Synth 8-7129] Port SW[5] in module NEXYS_A7 is either unconnected or has no load
WARNING: [Synth 8-7129] Port SW[4] in module NEXYS_A7 is either unconnected or has no load
WARNING: [Synth 8-7129] Port SW[3] in module NEXYS_A7 is either unconnected or has no load
WARNING: [Synth 8-7129] Port SW[2] in module NEXYS_A7 is either unconnected or has no load
WARNING: [Synth 8-7129] Port SW[1] in module NEXYS_A7 is either unconnected or has no load
WARNING: [Synth 8-7129] Port SW[0] in module NEXYS_A7 is either unconnected or has no load
WARNING: [Synth 8-7129] Port CPU_RESETN in module NEXYS_A7 is either unconnected or has no load
WARNING: [Synth 8-7129] Port BTNL in module NEXYS_A7 is either unconnected or has no load
WARNING: [Synth 8-7129] Port BTNR in module NEXYS_A7 is either unconnected or has no load
WARNING: [Synth 8-7129] Port BTND in module NEXYS_A7 is either unconnected or has no load
WARNING: [Synth 8-7129] Port SD_CD in module NEXYS_A7 is either unconnected or has no load
WARNING: [Synth 8-7129] Port ACL_MISO in module NEXYS_A7 is either unconnected or has no load
WARNING: [Synth 8-7129] Port ACL_INT[2] in module NEXYS_A7 is either unconnected or has no load
WARNING: [Synth 8-7129] Port ACL_INT[1] in module NEXYS_A7 is either unconnected or has no load
WARNING: [Synth 8-7129] Port ACL_INT[0] in module NEXYS_A7 is either unconnected or has no load
WARNING: [Synth 8-7129] Port TMP_INT in module NEXYS_A7 is either unconnected or has no load
INFO: [Common 17-14] Message 'Synth 8-7129' appears 100 times and further instances of the messages will be disabled. Use the Tcl command set_msg_config to change the current settings.
---------------------------------------------------------------------------------
Finished RTL Elaboration : Time (s): cpu = 00:00:08 ; elapsed = 00:00:09 . Memory (MB): peak = 1148.371 ; gain = 572.957
---------------------------------------------------------------------------------
---------------------------------------------------------------------------------
Start Handling Custom Attributes
---------------------------------------------------------------------------------
---------------------------------------------------------------------------------
Finished Handling Custom Attributes : Time (s): cpu = 00:00:08 ; elapsed = 00:00:09 . Memory (MB): peak = 1148.371 ; gain = 572.957
---------------------------------------------------------------------------------
---------------------------------------------------------------------------------
Finished RTL Optimization Phase 1 : Time (s): cpu = 00:00:08 ; elapsed = 00:00:09 . Memory (MB): peak = 1148.371 ; gain = 572.957
---------------------------------------------------------------------------------
Netlist sorting complete. Time (s): cpu = 00:00:00 ; elapsed = 00:00:00.002 . Memory (MB): peak = 1148.371 ; gain = 0.000
INFO: [Project 1-570] Preparing netlist for logic optimization

Processing XDC Constraints
Initializing timing engine
Parsing XDC File [C:/Users/DCLAB/Documents/FPGA_Lab1/team04_lab1/NEXYS_A7_t/Nexys-A7-100T-Master.xdc]
Finished Parsing XDC File [C:/Users/DCLAB/Documents/FPGA_Lab1/team04_lab1/NEXYS_A7_t/Nexys-A7-100T-Master.xdc]
INFO: [Project 1-236] Implementation specific constraints were found while reading constraint file [C:/Users/DCLAB/Documents/FPGA_Lab1/team04_lab1/NEXYS_A7_t/Nexys-A7-100T-Master.xdc]. These constraints will be ignored for synthesis but will be used in implementation. Impacted constraints are listed in the file [.Xil/NEXYS_A7_propImpl.xdc].
Resolution: To avoid this warning, move constraints listed in [.Xil/NEXYS_A7_propImpl.xdc] to another XDC file and exclude this new file from synthesis with the used_in_synthesis property (File Properties dialog in GUI) and re-run elaboration/synthesis.
Completed Processing XDC Constraints

Netlist sorting complete. Time (s): cpu = 00:00:00 ; elapsed = 00:00:00 . Memory (MB): peak = 1224.297 ; gain = 0.000
INFO: [Project 1-111] Unisim Transformation Summary:
No Unisim elements were transformed.

Constraint Validation Runtime : Time (s): cpu = 00:00:00 ; elapsed = 00:00:00.003 . Memory (MB): peak = 1224.297 ; gain = 0.000
---------------------------------------------------------------------------------
Finished Constraint Validation : Time (s): cpu = 00:00:17 ; elapsed = 00:00:18 . Memory (MB): peak = 1224.297 ; gain = 648.883
---------------------------------------------------------------------------------
---------------------------------------------------------------------------------
Start Loading Part and Timing Information
---------------------------------------------------------------------------------
Loading part: xc7a100tcsg324-1
---------------------------------------------------------------------------------
Finished Loading Part and Timing Information : Time (s): cpu = 00:00:17 ; elapsed = 00:00:18 . Memory (MB): peak = 1224.297 ; gain = 648.883
---------------------------------------------------------------------------------
---------------------------------------------------------------------------------
Start Applying 'set_property' XDC Constraints
---------------------------------------------------------------------------------
---------------------------------------------------------------------------------
Finished applying 'set_property' XDC Constraints : Time (s): cpu = 00:00:17 ; elapsed = 00:00:18 . Memory (MB): peak = 1224.297 ; gain = 648.883
---------------------------------------------------------------------------------
---------------------------------------------------------------------------------
Finished RTL Optimization Phase 2 : Time (s): cpu = 00:00:18 ; elapsed = 00:00:18 . Memory (MB): peak = 1224.297 ; gain = 648.883
---------------------------------------------------------------------------------
---------------------------------------------------------------------------------
Start RTL Component Statistics 
---------------------------------------------------------------------------------
Detailed RTL Component Info : 
+---Adders : 
	   2 Input    4 Bit       Adders := 1     
+---XORs : 
	   2 Input      1 Bit         XORs := 3     
+---Registers : 
	               23 Bit    Registers := 1     
	                4 Bit    Registers := 2     
	                2 Bit    Registers := 3     
	                1 Bit    Registers := 2     
+---Muxes : 
	   2 Input    8 Bit        Muxes := 1     
	   2 Input    4 Bit        Muxes := 2     
	   2 Input    1 Bit        Muxes := 3     
---------------------------------------------------------------------------------
Finished RTL Component Statistics 
---------------------------------------------------------------------------------
---------------------------------------------------------------------------------
Start Part Resource Summary
---------------------------------------------------------------------------------
Part Resources:
DSPs: 240 (col length:80)
BRAMs: 270 (col length: RAMB18 80 RAMB36 40)
---------------------------------------------------------------------------------
Finished Part Resource Summary
---------------------------------------------------------------------------------
---------------------------------------------------------------------------------
Start Cross Boundary and Area Optimization
---------------------------------------------------------------------------------
WARNING: [Synth 8-7080] Parallel synthesis criteria is not met
WARNING: [Synth 8-3917] design NEXYS_A7 has port LED[15] driven by constant 0
WARNING: [Synth 8-3917] design NEXYS_A7 has port LED[14] driven by constant 0
WARNING: [Synth 8-3917] design NEXYS_A7 has port LED[13] driven by constant 0
WARNING: [Synth 8-3917] design NEXYS_A7 has port LED[12] driven by constant 0
WARNING: [Synth 8-3917] design NEXYS_A7 has port LED[11] driven by constant 0
WARNING: [Synth 8-3917] design NEXYS_A7 has port LED[10] driven by constant 0
WARNING: [Synth 8-3917] design NEXYS_A7 has port LED[9] driven by constant 0
WARNING: [Synth 8-3917] design NEXYS_A7 has port LED[8] driven by constant 0
WARNING: [Synth 8-3917] design NEXYS_A7 has port LED[7] driven by constant 0
WARNING: [Synth 8-3917] design NEXYS_A7 has port LED[6] driven by constant 0
WARNING: [Synth 8-3917] design NEXYS_A7 has port LED[5] driven by constant 0
WARNING: [Synth 8-3917] design NEXYS_A7 has port LED[4] driven by constant 0
WARNING: [Synth 8-3917] design NEXYS_A7 has port LED[3] driven by constant 0
WARNING: [Synth 8-3917] design NEXYS_A7 has port LED[2] driven by constant 0
WARNING: [Synth 8-3917] design NEXYS_A7 has port LED[1] driven by constant 0
WARNING: [Synth 8-3917] design NEXYS_A7 has port LED[0] driven by constant 0
WARNING: [Synth 8-3917] design NEXYS_A7 has port LED16_B driven by constant 0
WARNING: [Synth 8-3917] design NEXYS_A7 has port LED16_G driven by constant 0
WARNING: [Synth 8-3917] design NEXYS_A7 has port LED16_R driven by constant 0
WARNING: [Synth 8-3917] design NEXYS_A7 has port LED17_B driven by constant 0
WARNING: [Synth 8-3917] design NEXYS_A7 has port LED17_G driven by constant 0
WARNING: [Synth 8-3917] design NEXYS_A7 has port LED17_R driven by constant 0
WARNING: [Synth 8-3917] design NEXYS_A7 has port DP driven by constant 1
WARNING: [Synth 8-3917] design NEXYS_A7 has port AN[7] driven by constant 1
WARNING: [Synth 8-3917] design NEXYS_A7 has port AN[6] driven by constant 1
WARNING: [Synth 8-3917] design NEXYS_A7 has port AN[5] driven by constant 1
WARNING: [Synth 8-3917] design NEXYS_A7 has port AN[4] driven by constant 1
WARNING: [Synth 8-3917] design NEXYS_A7 has port AN[3] driven by constant 1
WARNING: [Synth 8-3917] design NEXYS_A7 has port AN[2] driven by constant 1
WARNING: [Synth 8-3917] design NEXYS_A7 has port VGA_R[3] driven by constant 0
WARNING: [Synth 8-3917] design NEXYS_A7 has port VGA_R[2] driven by constant 0
WARNING: [Synth 8-3917] design NEXYS_A7 has port VGA_R[1] driven by constant 0
WARNING: [Synth 8-3917] design NEXYS_A7 has port VGA_R[0] driven by constant 0
WARNING: [Synth 8-3917] design NEXYS_A7 has port VGA_G[3] driven by constant 0
WARNING: [Synth 8-3917] design NEXYS_A7 has port VGA_G[2] driven by constant 0
WARNING: [Synth 8-3917] design NEXYS_A7 has port VGA_G[1] driven by constant 0
WARNING: [Synth 8-3917] design NEXYS_A7 has port VGA_G[0] driven by constant 0
WARNING: [Synth 8-3917] design NEXYS_A7 has port VGA_B[3] driven by constant 0
WARNING: [Synth 8-3917] design NEXYS_A7 has port VGA_B[2] driven by constant 0
WARNING: [Synth 8-3917] design NEXYS_A7 has port VGA_B[1] driven by constant 0
WARNING: [Synth 8-3917] design NEXYS_A7 has port VGA_B[0] driven by constant 0
WARNING: [Synth 8-3917] design NEXYS_A7 has port VGA_HS driven by constant 0
WARNING: [Synth 8-3917] design NEXYS_A7 has port VGA_VS driven by constant 0
WARNING: [Synth 8-3917] design NEXYS_A7 has port SD_RESET driven by constant 0
WARNING: [Synth 8-3917] design NEXYS_A7 has port ACL_MOSI driven by constant 0
WARNING: [Synth 8-3917] design NEXYS_A7 has port ACL_SCLK driven by constant 0
INFO: [Common 17-14] Message 'Synth 8-3917' appears 100 times and further instances of the messages will be disabled. Use the Tcl command set_msg_config to change the current settings.
---------------------------------------------------------------------------------
Finished Cross Boundary and Area Optimization : Time (s): cpu = 00:00:20 ; elapsed = 00:00:21 . Memory (MB): peak = 1224.297 ; gain = 648.883
---------------------------------------------------------------------------------
---------------------------------------------------------------------------------
Start Applying XDC Timing Constraints
---------------------------------------------------------------------------------
---------------------------------------------------------------------------------
Finished Applying XDC Timing Constraints : Time (s): cpu = 00:00:26 ; elapsed = 00:00:27 . Memory (MB): peak = 1348.812 ; gain = 773.398
---------------------------------------------------------------------------------
---------------------------------------------------------------------------------
Start Timing Optimization
---------------------------------------------------------------------------------
---------------------------------------------------------------------------------
Finished Timing Optimization : Time (s): cpu = 00:00:27 ; elapsed = 00:00:27 . Memory (MB): peak = 1368.449 ; gain = 793.035
---------------------------------------------------------------------------------
---------------------------------------------------------------------------------
Start Technology Mapping
---------------------------------------------------------------------------------
---------------------------------------------------------------------------------
Finished Technology Mapping : Time (s): cpu = 00:00:27 ; elapsed = 00:00:28 . Memory (MB): peak = 1368.449 ; gain = 793.035
---------------------------------------------------------------------------------
---------------------------------------------------------------------------------
Start IO Insertion
---------------------------------------------------------------------------------
---------------------------------------------------------------------------------
Start Flattening Before IO Insertion
---------------------------------------------------------------------------------
---------------------------------------------------------------------------------
Finished Flattening Before IO Insertion
---------------------------------------------------------------------------------
---------------------------------------------------------------------------------
Start Final Netlist Cleanup
---------------------------------------------------------------------------------
---------------------------------------------------------------------------------
Finished Final Netlist Cleanup
---------------------------------------------------------------------------------
---------------------------------------------------------------------------------
Finished IO Insertion : Time (s): cpu = 00:00:31 ; elapsed = 00:00:32 . Memory (MB): peak = 1575.570 ; gain = 1000.156
---------------------------------------------------------------------------------
---------------------------------------------------------------------------------
Start Renaming Generated Instances
---------------------------------------------------------------------------------
---------------------------------------------------------------------------------
Finished Renaming Generated Instances : Time (s): cpu = 00:00:31 ; elapsed = 00:00:32 . Memory (MB): peak = 1575.570 ; gain = 1000.156
---------------------------------------------------------------------------------
---------------------------------------------------------------------------------
Start Rebuilding User Hierarchy
---------------------------------------------------------------------------------
---------------------------------------------------------------------------------
Finished Rebuilding User Hierarchy : Time (s): cpu = 00:00:31 ; elapsed = 00:00:32 . Memory (MB): peak = 1575.570 ; gain = 1000.156
---------------------------------------------------------------------------------
---------------------------------------------------------------------------------
Start Renaming Generated Ports
---------------------------------------------------------------------------------
---------------------------------------------------------------------------------
Finished Renaming Generated Ports : Time (s): cpu = 00:00:31 ; elapsed = 00:00:32 . Memory (MB): peak = 1575.570 ; gain = 1000.156
---------------------------------------------------------------------------------
---------------------------------------------------------------------------------
Start Handling Custom Attributes
---------------------------------------------------------------------------------
---------------------------------------------------------------------------------
Finished Handling Custom Attributes : Time (s): cpu = 00:00:31 ; elapsed = 00:00:32 . Memory (MB): peak = 1575.570 ; gain = 1000.156
---------------------------------------------------------------------------------
---------------------------------------------------------------------------------
Start Renaming Generated Nets
---------------------------------------------------------------------------------
---------------------------------------------------------------------------------
Finished Renaming Generated Nets : Time (s): cpu = 00:00:31 ; elapsed = 00:00:32 . Memory (MB): peak = 1575.570 ; gain = 1000.156
---------------------------------------------------------------------------------
---------------------------------------------------------------------------------
Start Writing Synthesis Report
---------------------------------------------------------------------------------

Report BlackBoxes: 
+-+--------------+----------+
| |BlackBox name |Instances |
+-+--------------+----------+
+-+--------------+----------+

Report Cell Usage: 
+------+-----+------+
|      |Cell |Count |
+------+-----+------+
|1     |BUFG |     1|
|2     |LUT1 |     1|
|3     |LUT2 |     5|
|4     |LUT3 |     1|
|5     |LUT4 |    10|
|6     |LUT5 |     8|
|7     |LUT6 |     6|
|8     |FDRE |    38|
|9     |FDSE |     1|
|10    |IBUF |     3|
|11    |OBUF |    69|
+------+-----+------+
---------------------------------------------------------------------------------
Finished Writing Synthesis Report : Time (s): cpu = 00:00:31 ; elapsed = 00:00:32 . Memory (MB): peak = 1575.570 ; gain = 1000.156
---------------------------------------------------------------------------------
Synthesis finished with 0 errors, 0 critical warnings and 165 warnings.
Synthesis Optimization Runtime : Time (s): cpu = 00:00:20 ; elapsed = 00:00:30 . Memory (MB): peak = 1575.570 ; gain = 924.230
Synthesis Optimization Complete : Time (s): cpu = 00:00:31 ; elapsed = 00:00:33 . Memory (MB): peak = 1575.570 ; gain = 1000.156
INFO: [Project 1-571] Translating synthesized netlist
Netlist sorting complete. Time (s): cpu = 00:00:00 ; elapsed = 00:00:00.001 . Memory (MB): peak = 1584.762 ; gain = 0.000
INFO: [Project 1-570] Preparing netlist for logic optimization
Parsing XDC File [C:/Users/DCLAB/Documents/FPGA_Lab1/team04_lab1/NEXYS_A7_t/Nexys-A7-100T-Master.xdc]
Finished Parsing XDC File [C:/Users/DCLAB/Documents/FPGA_Lab1/team04_lab1/NEXYS_A7_t/Nexys-A7-100T-Master.xdc]
INFO: [Opt 31-138] Pushed 0 inverter(s) to 0 load pin(s).
Netlist sorting complete. Time (s): cpu = 00:00:00 ; elapsed = 00:00:00 . Memory (MB): peak = 1588.492 ; gain = 0.000
INFO: [Project 1-111] Unisim Transformation Summary:
No Unisim elements were transformed.

Synth Design complete | Checksum: 467288cc
INFO: [Common 17-83] Releasing license: Synthesis
19 Infos, 201 Warnings, 0 Critical Warnings and 0 Errors encountered.
synth_design completed successfully
synth_design: Time (s): cpu = 00:00:36 ; elapsed = 00:00:39 . Memory (MB): peak = 1588.492 ; gain = 1224.824
# report_utilization -file [file join $report_dir synthesis_utilization.rpt]
# write_checkpoint -force [file join $report_dir synthesis.dcp]
INFO: [Timing 38-480] Writing timing data to binary archive.
Write ShapeDB Complete: Time (s): cpu = 00:00:00 ; elapsed = 00:00:00.002 . Memory (MB): peak = 1588.492 ; gain = 0.000
Wrote PlaceDB: Time (s): cpu = 00:00:00 ; elapsed = 00:00:00.011 . Memory (MB): peak = 1588.492 ; gain = 0.000
Wrote PulsedLatchDB: Time (s): cpu = 00:00:00 ; elapsed = 00:00:00 . Memory (MB): peak = 1588.492 ; gain = 0.000
Writing XDEF routing.
Writing XDEF routing logical nets.
Writing XDEF routing special nets.
Wrote RouteStorage: Time (s): cpu = 00:00:00 ; elapsed = 00:00:00.023 . Memory (MB): peak = 1588.492 ; gain = 0.000
Wrote Netlist Cache: Time (s): cpu = 00:00:00 ; elapsed = 00:00:00 . Memory (MB): peak = 1588.492 ; gain = 0.000
Wrote Device Cache: Time (s): cpu = 00:00:00 ; elapsed = 00:00:00.010 . Memory (MB): peak = 1588.492 ; gain = 0.000
Write Physdb Complete: Time (s): cpu = 00:00:00 ; elapsed = 00:00:00.052 . Memory (MB): peak = 1588.492 ; gain = 0.000
INFO: [Common 17-1381] The checkpoint 'C:/Users/DCLAB/Documents/FPGA_Lab1/report/project7/synthesis.dcp' has been generated.
# opt_design
Command: opt_design
Attempting to get a license for feature 'Implementation' and/or device 'xc7a100t'
INFO: [Common 17-349] Got license for feature 'Implementation' and/or device 'xc7a100t'
Running DRC as a precondition to command opt_design

Starting DRC Task
INFO: [DRC 23-27] Running DRC with 4 threads
INFO: [Project 1-461] DRC finished with 0 Errors
INFO: [Project 1-462] Please refer to the DRC report (report_drc) for more information.

Time (s): cpu = 00:00:04 ; elapsed = 00:00:02 . Memory (MB): peak = 1588.492 ; gain = 0.000

Starting Cache Timing Information Task
INFO: [Timing 38-35] Done setting XDC timing constraints.
Ending Cache Timing Information Task | Checksum: 15828d2a4

Time (s): cpu = 00:00:07 ; elapsed = 00:00:07 . Memory (MB): peak = 1838.227 ; gain = 249.734

Starting Logic Optimization Task

Phase 1 Initialization

Phase 1.1 Core Generation And Design Setup
Phase 1.1 Core Generation And Design Setup | Checksum: 15828d2a4

Time (s): cpu = 00:00:00 ; elapsed = 00:00:00.001 . Memory (MB): peak = 2222.543 ; gain = 0.000

Phase 1.2 Setup Constraints And Sort Netlist
Phase 1.2 Setup Constraints And Sort Netlist | Checksum: 15828d2a4

Time (s): cpu = 00:00:00 ; elapsed = 00:00:00.003 . Memory (MB): peak = 2222.543 ; gain = 0.000
Phase 1 Initialization | Checksum: 15828d2a4

Time (s): cpu = 00:00:00 ; elapsed = 00:00:00.004 . Memory (MB): peak = 2222.543 ; gain = 0.000

Phase 2 Timer Update And Timing Data Collection

Phase 2.1 Timer Update
Phase 2.1 Timer Update | Checksum: 15828d2a4

Time (s): cpu = 00:00:00 ; elapsed = 00:00:00.010 . Memory (MB): peak = 2222.543 ; gain = 0.000

Phase 2.2 Timing Data Collection
Phase 2.2 Timing Data Collection | Checksum: 15828d2a4

Time (s): cpu = 00:00:00 ; elapsed = 00:00:00.015 . Memory (MB): peak = 2222.543 ; gain = 0.000
Phase 2 Timer Update And Timing Data Collection | Checksum: 15828d2a4

Time (s): cpu = 00:00:00 ; elapsed = 00:00:00.016 . Memory (MB): peak = 2222.543 ; gain = 0.000

Phase 3 Retarget
INFO: [Opt 31-1851] Number of loadless carry chains removed were: 0
INFO: [Opt 31-1834] Total Chains To Be Transformed Were: 0 AND Number of Transformed insts Created are: 0
INFO: [Opt 31-138] Pushed 0 inverter(s) to 0 load pin(s).
INFO: [Opt 31-49] Retargeted 0 cell(s).
Phase 3 Retarget | Checksum: 15828d2a4

Time (s): cpu = 00:00:00 ; elapsed = 00:00:00.022 . Memory (MB): peak = 2222.543 ; gain = 0.000
Retarget | Checksum: 15828d2a4
INFO: [Opt 31-389] Phase Retarget created 0 cells and removed 0 cells

Phase 4 Constant propagation
INFO: [Opt 31-138] Pushed 0 inverter(s) to 0 load pin(s).
Phase 4 Constant propagation | Checksum: 15828d2a4

Time (s): cpu = 00:00:00 ; elapsed = 00:00:00.025 . Memory (MB): peak = 2222.543 ; gain = 0.000
Constant propagation | Checksum: 15828d2a4
INFO: [Opt 31-389] Phase Constant propagation created 0 cells and removed 0 cells

Phase 5 Sweep
INFO: [Constraints 18-11670] Building netlist checker database with flags, 0x8
Done building netlist checker database: Time (s): cpu = 00:00:00 ; elapsed = 00:00:00 . Memory (MB): peak = 2222.543 ; gain = 0.000
Phase 5 Sweep | Checksum: 15828d2a4

Time (s): cpu = 00:00:00 ; elapsed = 00:00:00.029 . Memory (MB): peak = 2222.543 ; gain = 0.000
Sweep | Checksum: 15828d2a4
INFO: [Opt 31-389] Phase Sweep created 0 cells and removed 0 cells

Phase 6 BUFG optimization
Phase 6 BUFG optimization | Checksum: 15828d2a4

Time (s): cpu = 00:00:00 ; elapsed = 00:00:00.065 . Memory (MB): peak = 2222.543 ; gain = 0.000
BUFG optimization | Checksum: 15828d2a4
INFO: [Opt 31-662] Phase BUFG optimization created 0 cells of which 0 are BUFGs and removed 0 cells.

Phase 7 Shift Register Optimization
INFO: [Opt 31-1064] SRL Remap converted 0 SRLs to 0 registers and converted 0 registers of register chains to 0 SRLs
Phase 7 Shift Register Optimization | Checksum: 15828d2a4

Time (s): cpu = 00:00:00 ; elapsed = 00:00:00.068 . Memory (MB): peak = 2222.543 ; gain = 0.000
Shift Register Optimization | Checksum: 15828d2a4
INFO: [Opt 31-389] Phase Shift Register Optimization created 0 cells and removed 0 cells

Phase 8 Post Processing Netlist
Phase 8 Post Processing Netlist | Checksum: 15828d2a4

Time (s): cpu = 00:00:00 ; elapsed = 00:00:00.102 . Memory (MB): peak = 2222.543 ; gain = 0.000
Post Processing Netlist | Checksum: 15828d2a4
INFO: [Opt 31-389] Phase Post Processing Netlist created 0 cells and removed 0 cells

Phase 9 Finalization

Phase 9.1 Finalizing Design Cores and Updating Shapes
Phase 9.1 Finalizing Design Cores and Updating Shapes | Checksum: 15828d2a4

Time (s): cpu = 00:00:00 ; elapsed = 00:00:00.105 . Memory (MB): peak = 2222.543 ; gain = 0.000

Phase 9.2 Verifying Netlist Connectivity

Starting Connectivity Check Task

Time (s): cpu = 00:00:00 ; elapsed = 00:00:00.014 . Memory (MB): peak = 2222.543 ; gain = 0.000
Phase 9.2 Verifying Netlist Connectivity | Checksum: 15828d2a4

Time (s): cpu = 00:00:00 ; elapsed = 00:00:00.121 . Memory (MB): peak = 2222.543 ; gain = 0.000
Phase 9 Finalization | Checksum: 15828d2a4

Time (s): cpu = 00:00:00 ; elapsed = 00:00:00.126 . Memory (MB): peak = 2222.543 ; gain = 0.000
Opt_design Change Summary
=========================


-------------------------------------------------------------------------------------------------------------------------
|  Phase                        |  #Cells created  |  #Cells Removed  |  #Constrained objects preventing optimizations  |
-------------------------------------------------------------------------------------------------------------------------
|  Retarget                     |               0  |               0  |                                              0  |
|  Constant propagation         |               0  |               0  |                                              0  |
|  Sweep                        |               0  |               0  |                                              0  |
|  BUFG optimization            |               0  |               0  |                                              0  |
|  Shift Register Optimization  |               0  |               0  |                                              0  |
|  Post Processing Netlist      |               0  |               0  |                                              0  |
-------------------------------------------------------------------------------------------------------------------------


Ending Logic Optimization Task | Checksum: 15828d2a4

Time (s): cpu = 00:00:00 ; elapsed = 00:00:00.128 . Memory (MB): peak = 2222.543 ; gain = 0.000

Starting Power Optimization Task
INFO: [Pwropt 34-132] Skipping clock gating for clocks with a period < 2.00 ns.
Ending Power Optimization Task | Checksum: 15828d2a4

Time (s): cpu = 00:00:00 ; elapsed = 00:00:00.011 . Memory (MB): peak = 2222.543 ; gain = 0.000

Starting Final Cleanup Task
Ending Final Cleanup Task | Checksum: 15828d2a4

Time (s): cpu = 00:00:00 ; elapsed = 00:00:00 . Memory (MB): peak = 2222.543 ; gain = 0.000

Starting Netlist Obfuscation Task
Netlist sorting complete. Time (s): cpu = 00:00:00 ; elapsed = 00:00:00 . Memory (MB): peak = 2222.543 ; gain = 0.000
Ending Netlist Obfuscation Task | Checksum: 15828d2a4

Time (s): cpu = 00:00:00 ; elapsed = 00:00:00.001 . Memory (MB): peak = 2222.543 ; gain = 0.000
INFO: [Common 17-83] Releasing license: Implementation
20 Infos, 0 Warnings, 0 Critical Warnings and 0 Errors encountered.
opt_design completed successfully
opt_design: Time (s): cpu = 00:00:15 ; elapsed = 00:00:13 . Memory (MB): peak = 2222.543 ; gain = 634.051
# place_design
Command: place_design
Attempting to get a license for feature 'Implementation' and/or device 'xc7a100t'
INFO: [Common 17-349] Got license for feature 'Implementation' and/or device 'xc7a100t'
INFO: [Common 17-83] Releasing license: Implementation
INFO: [DRC 23-27] Running DRC with 4 threads
INFO: [Vivado_Tcl 4-198] DRC finished with 0 Errors
INFO: [Vivado_Tcl 4-199] Please refer to the DRC report (report_drc) for more information.
Running DRC as a precondition to command place_design
INFO: [DRC 23-27] Running DRC with 4 threads
INFO: [Vivado_Tcl 4-198] DRC finished with 0 Errors
INFO: [Vivado_Tcl 4-199] Please refer to the DRC report (report_drc) for more information.
INFO: [Place 30-611] Multithreading enabled for place_design using a maximum of 4 CPUs

Starting Placer Task

Phase 1 Placer Initialization

Phase 1.1 Placer Initialization Netlist Sorting
Netlist sorting complete. Time (s): cpu = 00:00:00 ; elapsed = 00:00:00 . Memory (MB): peak = 2222.543 ; gain = 0.000
Phase 1.1 Placer Initialization Netlist Sorting | Checksum: 111b649d8

Time (s): cpu = 00:00:00 ; elapsed = 00:00:00.002 . Memory (MB): peak = 2222.543 ; gain = 0.000
Netlist sorting complete. Time (s): cpu = 00:00:00 ; elapsed = 00:00:00 . Memory (MB): peak = 2222.543 ; gain = 0.000

Phase 1.2 IO Placement/ Clock Placement/ Build Placer Device
INFO: [Timing 38-35] Done setting XDC timing constraints.
WARNING: [Place 30-87] Partially locked IO Bus is found. Following components of the IO Bus ACL_INT are not locked:  'ACL_INT[0]' 
WARNING: [Place 30-87] Partially locked IO Bus is found. Following components of the IO Bus JA are not locked:  'JA[6]'  'JA[5]'  'JA[0]' 
WARNING: [Place 30-87] Partially locked IO Bus is found. Following components of the IO Bus JB are not locked:  'JB[6]'  'JB[5]'  'JB[0]' 
WARNING: [Place 30-87] Partially locked IO Bus is found. Following components of the IO Bus JC are not locked:  'JC[6]'  'JC[5]'  'JC[0]' 
WARNING: [Place 30-87] Partially locked IO Bus is found. Following components of the IO Bus JD are not locked:  'JD[6]'  'JD[5]'  'JD[0]' 
WARNING: [Place 30-87] Partially locked IO Bus is found. Following components of the IO Bus XA_N are not locked:  'XA_N[0]' 
WARNING: [Place 30-87] Partially locked IO Bus is found. Following components of the IO Bus XA_P are not locked:  'XA_P[0]' 
Phase 1.2 IO Placement/ Clock Placement/ Build Placer Device | Checksum: 1822fdf5b

Time (s): cpu = 00:00:00 ; elapsed = 00:00:00.356 . Memory (MB): peak = 2222.543 ; gain = 0.000

Phase 1.3 Build Placer Netlist Model
Phase 1.3 Build Placer Netlist Model | Checksum: 2539f3827

Time (s): cpu = 00:00:01 ; elapsed = 00:00:00.575 . Memory (MB): peak = 2222.543 ; gain = 0.000

Phase 1.4 Constrain Clocks/Macros
Phase 1.4 Constrain Clocks/Macros | Checksum: 2539f3827

Time (s): cpu = 00:00:01 ; elapsed = 00:00:00.579 . Memory (MB): peak = 2222.543 ; gain = 0.000
Phase 1 Placer Initialization | Checksum: 2539f3827

Time (s): cpu = 00:00:01 ; elapsed = 00:00:00.584 . Memory (MB): peak = 2222.543 ; gain = 0.000

Phase 2 Global Placement

Phase 2.1 Floorplanning
Phase 2.1 Floorplanning | Checksum: 1e4b8fbd4

Time (s): cpu = 00:00:01 ; elapsed = 00:00:00.756 . Memory (MB): peak = 2222.543 ; gain = 0.000

Phase 2.2 Update Timing before SLR Path Opt
Phase 2.2 Update Timing before SLR Path Opt | Checksum: 24014a0d4

Time (s): cpu = 00:00:01 ; elapsed = 00:00:00.862 . Memory (MB): peak = 2222.543 ; gain = 0.000

Phase 2.3 Post-Processing in Floorplanning
Phase 2.3 Post-Processing in Floorplanning | Checksum: 24014a0d4

Time (s): cpu = 00:00:01 ; elapsed = 00:00:00.864 . Memory (MB): peak = 2222.543 ; gain = 0.000

Phase 2.4 Global Place Phase1
Phase 2.4 Global Place Phase1 | Checksum: 2570bf199

Time (s): cpu = 00:00:04 ; elapsed = 00:00:02 . Memory (MB): peak = 2222.543 ; gain = 0.000

Phase 2.5 Global Place Phase2

Phase 2.5.1 UpdateTiming Before Physical Synthesis
Phase 2.5.1 UpdateTiming Before Physical Synthesis | Checksum: 2570bf199

Time (s): cpu = 00:00:04 ; elapsed = 00:00:02 . Memory (MB): peak = 2222.543 ; gain = 0.000

Phase 2.5.2 Physical Synthesis In Placer
INFO: [Physopt 32-1035] Found 0 LUTNM shape to break, 4 LUT instances to create LUTNM shape
INFO: [Physopt 32-1044] Break lutnm for timing: one critical 0, two critical 0, total 0, new lutff created 0
INFO: [Physopt 32-1138] End 1 Pass. Optimized 2 nets or LUTs. Breaked 0 LUT, combined 2 existing LUTs and moved 0 existing LUT
INFO: [Physopt 32-65] No nets found for high-fanout optimization.
INFO: [Physopt 32-232] Optimized 0 net. Created 0 new instance.
INFO: [Physopt 32-775] End 1 Pass. Optimized 0 net or cell. Created 0 new cell, deleted 0 existing cell and moved 0 existing cell
INFO: [Physopt 32-670] No setup violation found.  DSP Register Optimization was not performed.
INFO: [Physopt 32-670] No setup violation found.  Shift Register to Pipeline Optimization was not performed.
INFO: [Physopt 32-670] No setup violation found.  Shift Register Optimization was not performed.
INFO: [Physopt 32-670] No setup violation found.  BRAM Register Optimization was not performed.
INFO: [Physopt 32-670] No setup violation found.  URAM Register Optimization was not performed.
INFO: [Physopt 32-949] No candidate nets found for dynamic/static region interface net replication
INFO: [Physopt 32-775] End 1 Pass. Optimized 0 net or cell. Created 0 new cell, deleted 0 existing cell and moved 0 existing cell
Netlist sorting complete. Time (s): cpu = 00:00:00 ; elapsed = 00:00:00.001 . Memory (MB): peak = 2222.543 ; gain = 0.000

Summary of Physical Synthesis Optimizations
============================================


-----------------------------------------------------------------------------------------------------------------------------------------------------------
|  Optimization                                     |  Added Cells  |  Removed Cells  |  Optimized Cells/Nets  |  Dont Touch  |  Iterations  |  Elapsed   |
-----------------------------------------------------------------------------------------------------------------------------------------------------------
|  LUT Combining                                    |            0  |              2  |                     2  |           0  |           1  |  00:00:00  |
|  Retime                                           |            0  |              0  |                     0  |           0  |           1  |  00:00:00  |
|  Very High Fanout                                 |            0  |              0  |                     0  |           0  |           1  |  00:00:00  |
|  DSP Register                                     |            0  |              0  |                     0  |           0  |           0  |  00:00:00  |
|  Shift Register to Pipeline                       |            0  |              0  |                     0  |           0  |           0  |  00:00:00  |
|  Shift Register                                   |            0  |              0  |                     0  |           0  |           0  |  00:00:00  |
|  BRAM Register                                    |            0  |              0  |                     0  |           0  |           0  |  00:00:00  |
|  URAM Register                                    |            0  |              0  |                     0  |           0  |           0  |  00:00:00  |
|  Dynamic/Static Region Interface Net Replication  |            0  |              0  |                     0  |           0  |           1  |  00:00:00  |
|  Total                                            |            0  |              2  |                     2  |           0  |           4  |  00:00:00  |
-----------------------------------------------------------------------------------------------------------------------------------------------------------


Phase 2.5.2 Physical Synthesis In Placer | Checksum: 22d7c3781

Time (s): cpu = 00:00:04 ; elapsed = 00:00:02 . Memory (MB): peak = 2222.543 ; gain = 0.000
Phase 2.5 Global Place Phase2 | Checksum: 1a2697dd2

Time (s): cpu = 00:00:05 ; elapsed = 00:00:02 . Memory (MB): peak = 2222.543 ; gain = 0.000
Phase 2 Global Placement | Checksum: 1a2697dd2

Time (s): cpu = 00:00:05 ; elapsed = 00:00:02 . Memory (MB): peak = 2222.543 ; gain = 0.000

Phase 3 Detail Placement

Phase 3.1 Commit Multi Column Macros
Phase 3.1 Commit Multi Column Macros | Checksum: 28358d2f5

Time (s): cpu = 00:00:05 ; elapsed = 00:00:03 . Memory (MB): peak = 2222.543 ; gain = 0.000

Phase 3.2 Commit Most Macros & LUTRAMs
Phase 3.2 Commit Most Macros & LUTRAMs | Checksum: 1fae5165f

Time (s): cpu = 00:00:05 ; elapsed = 00:00:03 . Memory (MB): peak = 2222.543 ; gain = 0.000

Phase 3.3 Area Swap Optimization
Phase 3.3 Area Swap Optimization | Checksum: 25ef59480

Time (s): cpu = 00:00:05 ; elapsed = 00:00:03 . Memory (MB): peak = 2222.543 ; gain = 0.000

Phase 3.4 Pipeline Register Optimization
Phase 3.4 Pipeline Register Optimization | Checksum: 1c6cc5a5d

Time (s): cpu = 00:00:05 ; elapsed = 00:00:03 . Memory (MB): peak = 2222.543 ; gain = 0.000

Phase 3.5 Small Shape Detail Placement
Phase 3.5 Small Shape Detail Placement | Checksum: 263dde566

Time (s): cpu = 00:00:06 ; elapsed = 00:00:03 . Memory (MB): peak = 2222.543 ; gain = 0.000

Phase 3.6 Re-assign LUT pins
Phase 3.6 Re-assign LUT pins | Checksum: 24f29dac7

Time (s): cpu = 00:00:06 ; elapsed = 00:00:03 . Memory (MB): peak = 2222.543 ; gain = 0.000

Phase 3.7 Pipeline Register Optimization
Phase 3.7 Pipeline Register Optimization | Checksum: 2e75e14ea

Time (s): cpu = 00:00:06 ; elapsed = 00:00:03 . Memory (MB): peak = 2222.543 ; gain = 0.000
Phase 3 Detail Placement | Checksum: 2e75e14ea

Time (s): cpu = 00:00:06 ; elapsed = 00:00:03 . Memory (MB): peak = 2222.543 ; gain = 0.000

Phase 4 Post Placement Optimization and Clean-Up

Phase 4.1 Post Commit Optimization
INFO: [Timing 38-35] Done setting XDC timing constraints.

Phase 4.1.1 Post Placement Optimization
Post Placement Optimization Initialization | Checksum: 29e4ec2a8

Phase 4.1.1.1 BUFG Insertion

Starting Physical Synthesis Task

Phase 1 Physical Synthesis Initialization
INFO: [Physopt 32-721] Multithreading enabled for phys_opt_design using a maximum of 4 CPUs
INFO: [Physopt 32-619] Estimated Timing Summary | WNS=5.138 | TNS=0.000 |
Phase 1 Physical Synthesis Initialization | Checksum: 169503bf7

Time (s): cpu = 00:00:00 ; elapsed = 00:00:00.015 . Memory (MB): peak = 2222.543 ; gain = 0.000
INFO: [Place 46-56] BUFG insertion identified 0 candidate nets. Inserted BUFG: 0, Replicated BUFG Driver: 0, Skipped due to Placement/Routing Conflicts: 0, Skipped due to Timing Degradation: 0, Skipped due to netlist editing failed: 0.
Ending Physical Synthesis Task | Checksum: 25cf0ebba

Time (s): cpu = 00:00:00 ; elapsed = 00:00:00.016 . Memory (MB): peak = 2222.543 ; gain = 0.000
Phase 4.1.1.1 BUFG Insertion | Checksum: 29e4ec2a8

Time (s): cpu = 00:00:06 ; elapsed = 00:00:03 . Memory (MB): peak = 2222.543 ; gain = 0.000

Phase 4.1.1.2 Post Placement Timing Optimization
INFO: [Place 30-746] Post Placement Timing Summary WNS=5.138. For the most accurate timing information please run report_timing.
Phase 4.1.1.2 Post Placement Timing Optimization | Checksum: 2472097ce

Time (s): cpu = 00:00:06 ; elapsed = 00:00:03 . Memory (MB): peak = 2222.543 ; gain = 0.000

Time (s): cpu = 00:00:06 ; elapsed = 00:00:03 . Memory (MB): peak = 2222.543 ; gain = 0.000
Phase 4.1 Post Commit Optimization | Checksum: 2472097ce

Time (s): cpu = 00:00:06 ; elapsed = 00:00:03 . Memory (MB): peak = 2222.543 ; gain = 0.000

Phase 4.2 Post Placement Cleanup
Phase 4.2 Post Placement Cleanup | Checksum: 2472097ce

Time (s): cpu = 00:00:06 ; elapsed = 00:00:03 . Memory (MB): peak = 2222.543 ; gain = 0.000

Phase 4.3 Placer Reporting

Phase 4.3.1 Print Estimated Congestion
INFO: [Place 30-612] Post-Placement Estimated Congestion 
 ____________________________________________________
|           | Global Congestion | Short Congestion  |
| Direction | Region Size       | Region Size       |
|___________|___________________|___________________|
|      North|                1x1|                1x1|
|___________|___________________|___________________|
|      South|                1x1|                1x1|
|___________|___________________|___________________|
|       East|                1x1|                1x1|
|___________|___________________|___________________|
|       West|                1x1|                1x1|
|___________|___________________|___________________|

Phase 4.3.1 Print Estimated Congestion | Checksum: 2472097ce

Time (s): cpu = 00:00:06 ; elapsed = 00:00:03 . Memory (MB): peak = 2222.543 ; gain = 0.000
Phase 4.3 Placer Reporting | Checksum: 2472097ce

Time (s): cpu = 00:00:06 ; elapsed = 00:00:03 . Memory (MB): peak = 2222.543 ; gain = 0.000

Phase 4.4 Final Placement Cleanup
Netlist sorting complete. Time (s): cpu = 00:00:00 ; elapsed = 00:00:00 . Memory (MB): peak = 2222.543 ; gain = 0.000

Time (s): cpu = 00:00:06 ; elapsed = 00:00:03 . Memory (MB): peak = 2222.543 ; gain = 0.000
Phase 4 Post Placement Optimization and Clean-Up | Checksum: 1fbf6daea

Time (s): cpu = 00:00:06 ; elapsed = 00:00:03 . Memory (MB): peak = 2222.543 ; gain = 0.000
Ending Placer Task | Checksum: 1cb54a60a

Time (s): cpu = 00:00:06 ; elapsed = 00:00:03 . Memory (MB): peak = 2222.543 ; gain = 0.000
29 Infos, 7 Warnings, 0 Critical Warnings and 0 Errors encountered.
place_design completed successfully
place_design: Time (s): cpu = 00:00:12 ; elapsed = 00:00:05 . Memory (MB): peak = 2222.543 ; gain = 0.000
# phys_opt_design
Command: phys_opt_design
Attempting to get a license for feature 'Implementation' and/or device 'xc7a100t'
INFO: [Common 17-349] Got license for feature 'Implementation' and/or device 'xc7a100t'

Starting Initial Update Timing Task

Time (s): cpu = 00:00:01 ; elapsed = 00:00:00.021 . Memory (MB): peak = 2222.543 ; gain = 0.000
INFO: [Vivado_Tcl 4-2279] Estimated Timing Summary | WNS= 5.138 | TNS= 0.000 | 
INFO: [Vivado_Tcl 4-383] Design worst setup slack (WNS) is greater than or equal to 0.000 ns. All physical synthesis setup optimizations will be skipped.
INFO: [Vivado_Tcl 4-232] No setup violation found. The netlist was not modified.
INFO: [Common 17-83] Releasing license: Implementation
5 Infos, 0 Warnings, 0 Critical Warnings and 0 Errors encountered.
phys_opt_design completed successfully
# route_design
Command: route_design
Attempting to get a license for feature 'Implementation' and/or device 'xc7a100t'
INFO: [Common 17-349] Got license for feature 'Implementation' and/or device 'xc7a100t'


Starting Routing Task
INFO: [Route 35-254] Multithreading enabled for route_design using a maximum of 4 CPUs

Phase 1 Build RT Design
Checksum: PlaceDB: c99eafe7 ConstDB: 0 ShapeSum: 4fe3968d RouteDB: b1d25f96
Post Restoration Checksum: NetGraph: a3531540 | NumContArr: f4a2f610 | Constraints: c2a8fa9d | Timing: c2a8fa9d
Phase 1 Build RT Design | Checksum: 31d48008a

Time (s): cpu = 00:00:34 ; elapsed = 00:00:31 . Memory (MB): peak = 2222.543 ; gain = 0.000

Phase 2 Router Initialization

Phase 2.1 Fix Topology Constraints
Phase 2.1 Fix Topology Constraints | Checksum: 31d48008a

Time (s): cpu = 00:00:34 ; elapsed = 00:00:31 . Memory (MB): peak = 2222.543 ; gain = 0.000

Phase 2.2 Pre Route Cleanup
Phase 2.2 Pre Route Cleanup | Checksum: 31d48008a

Time (s): cpu = 00:00:34 ; elapsed = 00:00:31 . Memory (MB): peak = 2222.543 ; gain = 0.000
 Number of Nodes with overlaps = 0

Phase 2.3 Update Timing
Phase 2.3 Update Timing | Checksum: 11e1bc04f

Time (s): cpu = 00:00:34 ; elapsed = 00:00:31 . Memory (MB): peak = 2223.738 ; gain = 1.195
INFO: [Route 35-416] Intermediate Timing Summary | WNS=5.133  | TNS=0.000  | WHS=-0.136 | THS=-1.606 |


Router Utilization Summary
  Global Vertical Routing Utilization    = 0 %
  Global Horizontal Routing Utilization  = 0 %
  Routable Net Status*
  *Does not include unroutable nets such as driverless and loadless.
  Run report_route_status for detailed report.
  Number of Failed Nets               = 64
    (Failed Nets is the sum of unrouted and partially routed nets)
  Number of Unrouted Nets             = 64
  Number of Partially Routed Nets     = 0
  Number of Node Overlaps             = 0

Phase 2 Router Initialization | Checksum: f5e86980

Time (s): cpu = 00:00:35 ; elapsed = 00:00:31 . Memory (MB): peak = 2223.738 ; gain = 1.195

Phase 3 Global Routing
Phase 3 Global Routing | Checksum: f5e86980

Time (s): cpu = 00:00:35 ; elapsed = 00:00:31 . Memory (MB): peak = 2223.738 ; gain = 1.195

Phase 4 Initial Routing

Phase 4.1 Initial Net Routing Pass
Phase 4.1 Initial Net Routing Pass | Checksum: 25d60afd6

Time (s): cpu = 00:00:35 ; elapsed = 00:00:31 . Memory (MB): peak = 2223.738 ; gain = 1.195
Phase 4 Initial Routing | Checksum: 25d60afd6

Time (s): cpu = 00:00:35 ; elapsed = 00:00:31 . Memory (MB): peak = 2223.738 ; gain = 1.195

Phase 5 Rip-up And Reroute

Phase 5.1 Global Iteration 0
 Number of Nodes with overlaps = 6
 Number of Nodes with overlaps = 0
INFO: [Route 35-416] Intermediate Timing Summary | WNS=4.758  | TNS=0.000  | WHS=N/A    | THS=N/A    |

Phase 5.1 Global Iteration 0 | Checksum: 199f024bb

Time (s): cpu = 00:00:35 ; elapsed = 00:00:32 . Memory (MB): peak = 2223.738 ; gain = 1.195
Phase 5 Rip-up And Reroute | Checksum: 199f024bb

Time (s): cpu = 00:00:35 ; elapsed = 00:00:32 . Memory (MB): peak = 2223.738 ; gain = 1.195

Phase 6 Delay and Skew Optimization

Phase 6.1 Delay CleanUp

Phase 6.1.1 Update Timing
Phase 6.1.1 Update Timing | Checksum: 28e0bbc0a

Time (s): cpu = 00:00:35 ; elapsed = 00:00:32 . Memory (MB): peak = 2223.738 ; gain = 1.195
INFO: [Route 35-416] Intermediate Timing Summary | WNS=4.854  | TNS=0.000  | WHS=N/A    | THS=N/A    |

Phase 6.1 Delay CleanUp | Checksum: 28e0bbc0a

Time (s): cpu = 00:00:35 ; elapsed = 00:00:32 . Memory (MB): peak = 2223.738 ; gain = 1.195

Phase 6.2 Clock Skew Optimization
Phase 6.2 Clock Skew Optimization | Checksum: 28e0bbc0a

Time (s): cpu = 00:00:35 ; elapsed = 00:00:32 . Memory (MB): peak = 2223.738 ; gain = 1.195
Phase 6 Delay and Skew Optimization | Checksum: 28e0bbc0a

Time (s): cpu = 00:00:35 ; elapsed = 00:00:32 . Memory (MB): peak = 2223.738 ; gain = 1.195

Phase 7 Post Hold Fix

Phase 7.1 Hold Fix Iter
INFO: [Route 35-416] Intermediate Timing Summary | WNS=4.854  | TNS=0.000  | WHS=0.117  | THS=0.000  |

Phase 7.1 Hold Fix Iter | Checksum: 1e3e9b035

Time (s): cpu = 00:00:35 ; elapsed = 00:00:32 . Memory (MB): peak = 2223.738 ; gain = 1.195
Phase 7 Post Hold Fix | Checksum: 1e3e9b035

Time (s): cpu = 00:00:35 ; elapsed = 00:00:32 . Memory (MB): peak = 2223.738 ; gain = 1.195

Phase 8 Route finalize

Router Utilization Summary
  Global Vertical Routing Utilization    = 0.0126213 %
  Global Horizontal Routing Utilization  = 0.00809889 %
  Routable Net Status*
  *Does not include unroutable nets such as driverless and loadless.
  Run report_route_status for detailed report.
  Number of Failed Nets               = 0
    (Failed Nets is the sum of unrouted and partially routed nets)
  Number of Unrouted Nets             = 0
  Number of Partially Routed Nets     = 0
  Number of Node Overlaps             = 0

Phase 8 Route finalize | Checksum: 1e3e9b035

Time (s): cpu = 00:00:35 ; elapsed = 00:00:32 . Memory (MB): peak = 2223.738 ; gain = 1.195

Phase 9 Verifying routed nets

 Verification completed successfully
Phase 9 Verifying routed nets | Checksum: 1e3e9b035

Time (s): cpu = 00:00:35 ; elapsed = 00:00:32 . Memory (MB): peak = 2223.738 ; gain = 1.195

Phase 10 Depositing Routes
Phase 10 Depositing Routes | Checksum: 1d90ca97b

Time (s): cpu = 00:00:35 ; elapsed = 00:00:32 . Memory (MB): peak = 2223.738 ; gain = 1.195

Phase 11 Post Process Routing
Phase 11 Post Process Routing | Checksum: 1d90ca97b

Time (s): cpu = 00:00:35 ; elapsed = 00:00:32 . Memory (MB): peak = 2223.738 ; gain = 1.195

Phase 12 Post Router Timing
INFO: [Route 35-57] Estimated Timing Summary | WNS=4.854  | TNS=0.000  | WHS=0.117  | THS=0.000  |

INFO: [Route 35-327] The final timing numbers are based on the router estimated timing analysis. For a complete and accurate timing signoff, please run report_timing_summary.
Phase 12 Post Router Timing | Checksum: 1d90ca97b

Time (s): cpu = 00:00:35 ; elapsed = 00:00:32 . Memory (MB): peak = 2223.738 ; gain = 1.195
Total Elapsed time in route_design: 31.601 secs

Phase 13 Post-Route Event Processing
Phase 13 Post-Route Event Processing | Checksum: 12b7b3626

Time (s): cpu = 00:00:35 ; elapsed = 00:00:32 . Memory (MB): peak = 2223.738 ; gain = 1.195
INFO: [Route 35-16] Router Completed Successfully
Ending Routing Task | Checksum: 12b7b3626

Time (s): cpu = 00:00:35 ; elapsed = 00:00:32 . Memory (MB): peak = 2223.738 ; gain = 1.195

Routing Is Done.
INFO: [Common 17-83] Releasing license: Implementation
10 Infos, 0 Warnings, 0 Critical Warnings and 0 Errors encountered.
route_design completed successfully
route_design: Time (s): cpu = 00:00:35 ; elapsed = 00:00:32 . Memory (MB): peak = 2223.738 ; gain = 1.195
# report_utilization -file [file join $report_dir implementation_utilization.rpt]
# report_timing_summary -file [file join $report_dir timing_summary.rpt]
INFO: [Timing 38-91] UpdateTimingParams: Speed grade: -1, Delay Type: min_max.
INFO: [Timing 38-191] Multithreading enabled for timing update using a maximum of 4 CPUs
# report_drc -file [file join $report_dir drc.rpt]
Command: report_drc -file C:/Users/DCLAB/Documents/FPGA_Lab1/report/project7/drc.rpt
INFO: [IP_Flow 19-234] Refreshing IP repositories
INFO: [IP_Flow 19-1704] No user IP repositories specified
INFO: [IP_Flow 19-2313] Loaded Vivado IP repository 'C:/Xilinx1/Vivado/2024.2/data/ip'.
INFO: [DRC 23-27] Running DRC with 4 threads
INFO: [Vivado_Tcl 2-168] The results of DRC are in file C:/Users/DCLAB/Documents/FPGA_Lab1/report/project7/drc.rpt.
report_drc completed successfully
# write_checkpoint -force [file join $report_dir implemented.dcp]
Write ShapeDB Complete: Time (s): cpu = 00:00:00 ; elapsed = 00:00:00.002 . Memory (MB): peak = 2262.840 ; gain = 0.000
INFO: [Timing 38-480] Writing timing data to binary archive.
Wrote PlaceDB: Time (s): cpu = 00:00:00 ; elapsed = 00:00:00.016 . Memory (MB): peak = 2262.840 ; gain = 0.000
Wrote PulsedLatchDB: Time (s): cpu = 00:00:00 ; elapsed = 00:00:00 . Memory (MB): peak = 2262.840 ; gain = 0.000
Writing XDEF routing.
Writing XDEF routing logical nets.
Writing XDEF routing special nets.
Wrote RouteStorage: Time (s): cpu = 00:00:00 ; elapsed = 00:00:00.021 . Memory (MB): peak = 2262.840 ; gain = 0.000
Wrote Netlist Cache: Time (s): cpu = 00:00:00 ; elapsed = 00:00:00.001 . Memory (MB): peak = 2262.840 ; gain = 0.000
Wrote Device Cache: Time (s): cpu = 00:00:00 ; elapsed = 00:00:00.011 . Memory (MB): peak = 2262.840 ; gain = 0.000
Write Physdb Complete: Time (s): cpu = 00:00:00 ; elapsed = 00:00:00.058 . Memory (MB): peak = 2262.840 ; gain = 0.000
INFO: [Common 17-1381] The checkpoint 'C:/Users/DCLAB/Documents/FPGA_Lab1/report/project7/implemented.dcp' has been generated.
# puts "PROJECT7_BUILD_COMPLETE"
PROJECT7_BUILD_COMPLETE
# close_project
INFO: [Common 17-206] Exiting Vivado at Tue Sep 29 19:55:00 2026...
