#-----------------------------------------------------------
# Vivado v2024.2 (64-bit)
# SW Build 5239630 on Fri Nov 08 22:35:27 MST 2024
# IP Build 5239520 on Sun Nov 10 16:12:51 MST 2024
# SharedData Build 5239561 on Fri Nov 08 14:39:27 MST 2024
# Start of session at: Tue Sep 29 21:24:13 2026
# Process ID         : 15340
# Current directory  : C:/Users/DCLAB/Documents/FPGA_Lab1
# Command line       : vivado.exe -mode batch -source C:\Users\DCLAB\Documents\FPGA_Lab1\scripts\run_project7.tcl -nojournal -log C:\Users\DCLAB\Documents\FPGA_Lab1\report\project7\vivado_build.log
# Log file           : C:/Users/DCLAB/Documents/FPGA_Lab1/report/project7/vivado_build.log
# Journal file       : 
# Running On         : DESKTOP-6EVF12B
# Platform           : Windows Server 2016 or Windows 10
# Operating System   : 19045
# Processor Detail   : Intel(R) Core(TM) i7-7700 CPU @ 3.60GHz
# CPU Frequency      : 3600 MHz
# CPU Physical cores : 4
# CPU Logical cores  : 8
# Host memory        : 34237 MB
# Swap memory        : 5100 MB
# Total Virtual      : 39338 MB
# Available Virtual  : 27457 MB
#-----------------------------------------------------------
CRITICAL WARNING: [Common 17-741] No write access right to the local Tcl store at 'C'. XilinxTclStore is reverted to the installation area. If you want to use local Tcl Store, please change the access right and relaunch Vivado.
source {C:\Users\DCLAB\Documents\FPGA_Lab1\scripts\run_project7.tcl}
# set root [file normalize [file join [file dirname [info script]] ..]]
# set project_file [file join $root team04_lab1 NEXYS_A7 NEXYS_A7.xpr]
# set report_dir [file join $root report project7]
# file mkdir $report_dir
# set_param general.maxThreads 4
# open_project $project_file
INFO: [filemgmt 56-3] Default IP Output Path : Could not find the directory 'C:/Users/DCLAB/Documents/FPGA_Lab1/team04_lab1/NEXYS_A7/NEXYS_A7.gen/sources_1'.
Scanning sources...
Finished scanning sources
# synth_design -top NEXYS_A7 -part xc7a100tcsg324-1 -flatten_hierarchy rebuilt
Command: synth_design -top NEXYS_A7 -part xc7a100tcsg324-1 -flatten_hierarchy rebuilt
Starting synth_design
Attempting to get a license for feature 'Synthesis' and/or device 'xc7a100t'
INFO: [Common 17-349] Got license for feature 'Synthesis' and/or device 'xc7a100t'
INFO: [Device 21-403] Loading part xc7a100tcsg324-1
INFO: [Synth 8-7079] Multithreading enabled for synth_design using a maximum of 4 processes.
INFO: [Synth 8-7078] Launching helper process for spawning children vivado processes
INFO: [Synth 8-7075] Helper process launched with PID 14948
---------------------------------------------------------------------------------
Starting RTL Elaboration : Time (s): cpu = 00:00:06 ; elapsed = 00:00:07 . Memory (MB): peak = 1045.445 ; gain = 467.203
---------------------------------------------------------------------------------
ERROR: [Synth 8-2716] syntax error near 'endcase' [C:/Users/DCLAB/Documents/FPGA_Lab1/team04_lab1/NEXYS_A7_t/Top.sv:75]
ERROR: [Synth 8-10307] SystemVerilog keyword 'endcase' used in incorrect context [C:/Users/DCLAB/Documents/FPGA_Lab1/team04_lab1/NEXYS_A7_t/Top.sv:75]
INFO: [Synth 8-10285] module 'Top' is ignored due to previous errors [C:/Users/DCLAB/Documents/FPGA_Lab1/team04_lab1/NEXYS_A7_t/Top.sv:78]
INFO: [Synth 8-9084] Verilog file 'C:/Users/DCLAB/Documents/FPGA_Lab1/team04_lab1/NEXYS_A7_t/Top.sv' ignored due to errors
ERROR: [Synth 8-12188] Failed to read verilog 'C:/Users/DCLAB/Documents/FPGA_Lab1/team04_lab1/NEXYS_A7_t/Top.sv'
---------------------------------------------------------------------------------
Finished RTL Elaboration : Time (s): cpu = 00:00:07 ; elapsed = 00:00:08 . Memory (MB): peak = 1144.984 ; gain = 566.742
---------------------------------------------------------------------------------
RTL Elaboration failed
INFO: [Common 17-83] Releasing license: Synthesis
8 Infos, 0 Warnings, 0 Critical Warnings and 4 Errors encountered.
synth_design failed
ERROR: [Common 17-69] Command failed: Synthesis failed - please see the console or run log file for details
INFO: [Common 17-206] Exiting Vivado at Tue Sep 29 21:24:40 2026...
