#-----------------------------------------------------------
# Vivado v2024.2 (64-bit)
# SW Build 5239630 on Fri Nov 08 22:35:27 MST 2024
# IP Build 5239520 on Sun Nov 10 16:12:51 MST 2024
# SharedData Build 5239561 on Fri Nov 08 14:39:27 MST 2024
# Start of session at: Tue Sep 29 19:59:27 2026
# Process ID         : 13876
# Current directory  : C:/Users/DCLAB/Documents/FPGA_Lab1
# Command line       : vivado.exe -mode batch -source C:\Users\DCLAB\Documents\FPGA_Lab1\scripts\program_nexys.tcl -nojournal -log C:\Users\DCLAB\Documents\FPGA_Lab1\report\project7\vivado_program.log
# Log file           : C:/Users/DCLAB/Documents/FPGA_Lab1/report/project7/vivado_program.log
# Journal file       : 
# Running On         : DESKTOP-6EVF12B
# Platform           : Windows Server 2016 or Windows 10
# Operating System   : 19045
# Processor Detail   : Intel(R) Core(TM) i7-7700 CPU @ 3.60GHz
# CPU Frequency      : 3600 MHz
# CPU Physical cores : 4
# CPU Logical cores  : 8
# Host memory        : 34237 MB
# Swap memory        : 5100 MB
# Total Virtual      : 39338 MB
# Available Virtual  : 29574 MB
#-----------------------------------------------------------
source {C:\Users\DCLAB\Documents\FPGA_Lab1\scripts\program_nexys.tcl}
# set root [file normalize [file join [file dirname [info script]] ..]]
# set bitfile [file join $root report project7 NEXYS_A7.bit]
# open_hw_manager
# connect_hw_server
INFO: [Labtools 27-2285] Connecting to hw_server url TCP:localhost:3121
INFO: [Labtools 27-2222] Launching hw_server...
INFO: [Labtools 27-2221] Launch Output:

****** Xilinx hw_server v2024.2
  **** Build date : Oct 29 2024 at 10:25:41
    ** Copyright 1986-2022 Xilinx, Inc. All Rights Reserved.


INFO: [Labtools 27-3415] Connecting to cs_server url TCP:localhost:0
INFO: [Labtools 27-3417] Launching cs_server...
INFO: [Labtools 27-2221] Launch Output:


******** Xilinx cs_server v2024.2.0
  ****** Build date   : Oct 31 2024-02:19:07
    **** Build number : 2024.2.1730312347
      ** Copyright 2017-2022 Xilinx, Inc. All Rights Reserved.
      ** Copyright 2022-2026 Advanced Micro Devices, Inc. All Rights Reserved.



connect_hw_server: Time (s): cpu = 00:00:00 ; elapsed = 00:00:06 . Memory (MB): peak = 370.281 ; gain = 1.945
# open_hw_target
INFO: [Labtoolstcl 44-466] Opening hw_target localhost:3121/xilinx_tcf/Digilent/210292BF6D74A
# set devices [get_hw_devices]
# puts "HW_DEVICES: $devices"
HW_DEVICES: xc7a100t_0
# if {[llength $devices] != 1} {
#     error "Expected exactly one JTAG device; found [llength $devices]"
# }
# set device [lindex $devices 0]
# puts "HW_PART: [get_property PART $device]"
HW_PART: xc7a100t
# if {[get_property PART $device] ne "xc7a100t"} {
#     error "Expected Nexys A7-100T (xc7a100t)"
# }
# set_property PROGRAM.FILE $bitfile $device
# program_hw_devices $device
INFO: [Labtools 27-3164] End of startup status: HIGH
# refresh_hw_device $device
INFO: [Labtools 27-1434] Device xc7a100t (JTAG device index = 0) is programmed with a design that has no supported debug core(s) in it.
# puts "PROGRAM_COMPLETE"
PROGRAM_COMPLETE
# close_hw_manager
INFO: [Common 17-206] Exiting Vivado at Tue Sep 29 19:59:41 2026...
