#-----------------------------------------------------------
# Vivado v2024.2 (64-bit)
# SW Build 5239630 on Fri Nov 08 22:35:27 MST 2024
# IP Build 5239520 on Sun Nov 10 16:12:51 MST 2024
# SharedData Build 5239561 on Fri Nov 08 14:39:27 MST 2024
# Start of session at: Sat Sep 19 23:01:09 2026
# Process ID         : 16916
# Current directory  : C:/Users/DCLAB/Documents/FPGA_Lab1
# Command line       : vivado.exe -mode batch -source scripts/analyze_nexys.tcl -log report/nexys_current/vivado.log -journal report/nexys_current/vivado.jou
# Log file           : C:/Users/DCLAB/Documents/FPGA_Lab1/report/nexys_current/vivado.log
# Journal file       : C:/Users/DCLAB/Documents/FPGA_Lab1\report/nexys_current/vivado.jou
# Running On         : DESKTOP-6EVF12B
# Platform           : Windows Server 2016 or Windows 10
# Operating System   : 19045
# Processor Detail   : Intel(R) Core(TM) i7-7700 CPU @ 3.60GHz
# CPU Frequency      : 3600 MHz
# CPU Physical cores : 4
# CPU Logical cores  : 8
# Host memory        : 34237 MB
# Swap memory        : 5100 MB
# Total Virtual      : 39338 MB
# Available Virtual  : 22072 MB
#-----------------------------------------------------------
CRITICAL WARNING: [Common 17-741] No write access right to the local Tcl store at 'C'. XilinxTclStore is reverted to the installation area. If you want to use local Tcl Store, please change the access right and relaunch Vivado.
source scripts/analyze_nexys.tcl
# set root [file normalize [file join [file dirname [info script]] ..]]
# set out [file join $root report nexys_current]
# file mkdir $out
# set_param general.maxThreads 4
# create_project -in_memory -part xc7a100tcsg324-1
# foreach src {NEXYS_A7.sv Top.sv} {read_verilog -sv [file join $root team01_lab1 NEXYS_A7 $src]}
# read_xdc [file join $root team01_lab1 NEXYS_A7 Nexys-A7-100T-Master.xdc]
# proc reports {stage} {
#     global out
#     report_utilization -file [file join $out ${stage}_utilization.rpt]
#     report_utilization -hierarchical -hierarchical_depth 10 -file [file join $out ${stage}_hierarchy.rpt]
#     set f [open [file join $out ${stage}_cells.tsv] w]
#     puts $f "name\tref_name\tloc\tbel"
#     foreach c [lsort [get_cells -hier -filter {IS_PRIMITIVE == 1}]] {
#         puts $f "$c\t[get_property REF_NAME $c]\t[get_property LOC $c]\t[get_property BEL $c]"
#     }
#     close $f
# }
# synth_design -top NEXYS_A7 -part xc7a100tcsg324-1 -flatten_hierarchy rebuilt
Command: synth_design -top NEXYS_A7 -part xc7a100tcsg324-1 -flatten_hierarchy rebuilt
Starting synth_design
Attempting to get a license for feature 'Synthesis' and/or device 'xc7a100t'
INFO: [Common 17-349] Got license for feature 'Synthesis' and/or device 'xc7a100t'
INFO: [Device 21-403] Loading part xc7a100tcsg324-1
INFO: [Synth 8-7079] Multithreading enabled for synth_design using a maximum of 4 processes.
INFO: [Synth 8-7078] Launching helper process for spawning children vivado processes
INFO: [Synth 8-7075] Helper process launched with PID 16912
---------------------------------------------------------------------------------
Starting RTL Elaboration : Time (s): cpu = 00:00:06 ; elapsed = 00:00:07 . Memory (MB): peak = 1040.938 ; gain = 468.293
---------------------------------------------------------------------------------
INFO: [Synth 8-6157] synthesizing module 'NEXYS_A7' [C:/Users/DCLAB/Documents/FPGA_Lab1/team01_lab1/NEXYS_A7/NEXYS_A7.sv:1]
INFO: [Synth 8-6157] synthesizing module 'Top' [C:/Users/DCLAB/Documents/FPGA_Lab1/team01_lab1/NEXYS_A7/Top.sv:2]
INFO: [Synth 8-6155] done synthesizing module 'Top' (0#1) [C:/Users/DCLAB/Documents/FPGA_Lab1/team01_lab1/NEXYS_A7/Top.sv:2]
INFO: [Synth 8-6155] done synthesizing module 'NEXYS_A7' (0#1) [C:/Users/DCLAB/Documents/FPGA_Lab1/team01_lab1/NEXYS_A7/NEXYS_A7.sv:1]
WARNING: [Synth 8-3917] design NEXYS_A7 has port LED[15] driven by constant 0
WARNING: [Synth 8-3917] design NEXYS_A7 has port LED[14] driven by constant 0
WARNING: [Synth 8-3917] design NEXYS_A7 has port LED[13] driven by constant 0
WARNING: [Synth 8-3917] design NEXYS_A7 has port LED[12] driven by constant 0
WARNING: [Synth 8-3917] design NEXYS_A7 has port LED[11] driven by constant 0
WARNING: [Synth 8-3917] design NEXYS_A7 has port LED[10] driven by constant 0
WARNING: [Synth 8-3917] design NEXYS_A7 has port LED[9] driven by constant 0
WARNING: [Synth 8-3917] design NEXYS_A7 has port LED[8] driven by constant 0
WARNING: [Synth 8-3917] design NEXYS_A7 has port LED[7] driven by constant 0
WARNING: [Synth 8-3917] design NEXYS_A7 has port LED[6] driven by constant 0
WARNING: [Synth 8-3917] design NEXYS_A7 has port LED[5] driven by constant 0
WARNING: [Synth 8-3917] design NEXYS_A7 has port LED[4] driven by constant 0
WARNING: [Synth 8-3917] design NEXYS_A7 has port LED[3] driven by constant 0
WARNING: [Synth 8-3917] design NEXYS_A7 has port LED[2] driven by constant 0
WARNING: [Synth 8-3917] design NEXYS_A7 has port LED[1] driven by constant 0
WARNING: [Synth 8-3917] design NEXYS_A7 has port LED[0] driven by constant 0
WARNING: [Synth 8-3917] design NEXYS_A7 has port LED16_B driven by constant 0
WARNING: [Synth 8-3917] design NEXYS_A7 has port LED16_G driven by constant 0
WARNING: [Synth 8-3917] design NEXYS_A7 has port LED16_R driven by constant 0
WARNING: [Synth 8-3917] design NEXYS_A7 has port LED17_B driven by constant 0
WARNING: [Synth 8-3917] design NEXYS_A7 has port LED17_G driven by constant 0
WARNING: [Synth 8-3917] design NEXYS_A7 has port LED17_R driven by constant 0
WARNING: [Synth 8-3917] design NEXYS_A7 has port DP driven by constant 1
WARNING: [Synth 8-3917] design NEXYS_A7 has port VGA_R[3] driven by constant 0
WARNING: [Synth 8-3917] design NEXYS_A7 has port VGA_R[2] driven by constant 0
WARNING: [Synth 8-3917] design NEXYS_A7 has port VGA_R[1] driven by constant 0
WARNING: [Synth 8-3917] design NEXYS_A7 has port VGA_R[0] driven by constant 0
WARNING: [Synth 8-3917] design NEXYS_A7 has port VGA_G[3] driven by constant 0
WARNING: [Synth 8-3917] design NEXYS_A7 has port VGA_G[2] driven by constant 0
WARNING: [Synth 8-3917] design NEXYS_A7 has port VGA_G[1] driven by constant 0
WARNING: [Synth 8-3917] design NEXYS_A7 has port VGA_G[0] driven by constant 0
WARNING: [Synth 8-3917] design NEXYS_A7 has port VGA_B[3] driven by constant 0
WARNING: [Synth 8-3917] design NEXYS_A7 has port VGA_B[2] driven by constant 0
WARNING: [Synth 8-3917] design NEXYS_A7 has port VGA_B[1] driven by constant 0
WARNING: [Synth 8-3917] design NEXYS_A7 has port VGA_B[0] driven by constant 0
WARNING: [Synth 8-3917] design NEXYS_A7 has port VGA_HS driven by constant 0
WARNING: [Synth 8-3917] design NEXYS_A7 has port VGA_VS driven by constant 0
WARNING: [Synth 8-3917] design NEXYS_A7 has port SD_RESET driven by constant 0
WARNING: [Synth 8-3917] design NEXYS_A7 has port ACL_MOSI driven by constant 0
WARNING: [Synth 8-3917] design NEXYS_A7 has port ACL_SCLK driven by constant 0
WARNING: [Synth 8-3917] design NEXYS_A7 has port ACL_CSN driven by constant 1
WARNING: [Synth 8-3917] design NEXYS_A7 has port TMP_SCL driven by constant 1
WARNING: [Synth 8-3917] design NEXYS_A7 has port M_CLK driven by constant 0
WARNING: [Synth 8-3917] design NEXYS_A7 has port M_LRSEL driven by constant 0
WARNING: [Synth 8-3917] design NEXYS_A7 has port AUD_PWM driven by constant 0
WARNING: [Synth 8-3917] design NEXYS_A7 has port AUD_SD driven by constant 0
WARNING: [Synth 8-3917] design NEXYS_A7 has port UART_RXD_OUT driven by constant 1
WARNING: [Synth 8-3917] design NEXYS_A7 has port UART_CTS driven by constant 1
WARNING: [Synth 8-3917] design NEXYS_A7 has port ETH_MDC driven by constant 0
WARNING: [Synth 8-3917] design NEXYS_A7 has port ETH_RSTN driven by constant 0
WARNING: [Synth 8-3917] design NEXYS_A7 has port ETH_TXEN driven by constant 0
WARNING: [Synth 8-3917] design NEXYS_A7 has port ETH_TXD[1] driven by constant 0
WARNING: [Synth 8-3917] design NEXYS_A7 has port ETH_TXD[0] driven by constant 0
WARNING: [Synth 8-3917] design NEXYS_A7 has port QSPI_CSN driven by constant 1
WARNING: [Synth 8-7129] Port JA[10] in module NEXYS_A7 is either unconnected or has no load
WARNING: [Synth 8-7129] Port JA[9] in module NEXYS_A7 is either unconnected or has no load
WARNING: [Synth 8-7129] Port JA[8] in module NEXYS_A7 is either unconnected or has no load
WARNING: [Synth 8-7129] Port JA[7] in module NEXYS_A7 is either unconnected or has no load
WARNING: [Synth 8-7129] Port JA[6] in module NEXYS_A7 is either unconnected or has no load
WARNING: [Synth 8-7129] Port JA[5] in module NEXYS_A7 is either unconnected or has no load
WARNING: [Synth 8-7129] Port JA[4] in module NEXYS_A7 is either unconnected or has no load
WARNING: [Synth 8-7129] Port JA[3] in module NEXYS_A7 is either unconnected or has no load
WARNING: [Synth 8-7129] Port JA[2] in module NEXYS_A7 is either unconnected or has no load
WARNING: [Synth 8-7129] Port JA[1] in module NEXYS_A7 is either unconnected or has no load
WARNING: [Synth 8-7129] Port JA[0] in module NEXYS_A7 is either unconnected or has no load
WARNING: [Synth 8-7129] Port JB[10] in module NEXYS_A7 is either unconnected or has no load
WARNING: [Synth 8-7129] Port JB[9] in module NEXYS_A7 is either unconnected or has no load
WARNING: [Synth 8-7129] Port JB[8] in module NEXYS_A7 is either unconnected or has no load
WARNING: [Synth 8-7129] Port JB[7] in module NEXYS_A7 is either unconnected or has no load
WARNING: [Synth 8-7129] Port JB[6] in module NEXYS_A7 is either unconnected or has no load
WARNING: [Synth 8-7129] Port JB[5] in module NEXYS_A7 is either unconnected or has no load
WARNING: [Synth 8-7129] Port JB[4] in module NEXYS_A7 is either unconnected or has no load
WARNING: [Synth 8-7129] Port JB[3] in module NEXYS_A7 is either unconnected or has no load
WARNING: [Synth 8-7129] Port JB[2] in module NEXYS_A7 is either unconnected or has no load
WARNING: [Synth 8-7129] Port JB[1] in module NEXYS_A7 is either unconnected or has no load
WARNING: [Synth 8-7129] Port JB[0] in module NEXYS_A7 is either unconnected or has no load
WARNING: [Synth 8-7129] Port JC[10] in module NEXYS_A7 is either unconnected or has no load
WARNING: [Synth 8-7129] Port JC[9] in module NEXYS_A7 is either unconnected or has no load
WARNING: [Synth 8-7129] Port JC[8] in module NEXYS_A7 is either unconnected or has no load
WARNING: [Synth 8-7129] Port JC[7] in module NEXYS_A7 is either unconnected or has no load
WARNING: [Synth 8-7129] Port JC[6] in module NEXYS_A7 is either unconnected or has no load
WARNING: [Synth 8-7129] Port JC[5] in module NEXYS_A7 is either unconnected or has no load
WARNING: [Synth 8-7129] Port JC[4] in module NEXYS_A7 is either unconnected or has no load
WARNING: [Synth 8-7129] Port JC[3] in module NEXYS_A7 is either unconnected or has no load
WARNING: [Synth 8-7129] Port JC[2] in module NEXYS_A7 is either unconnected or has no load
WARNING: [Synth 8-7129] Port JC[1] in module NEXYS_A7 is either unconnected or has no load
WARNING: [Synth 8-7129] Port JC[0] in module NEXYS_A7 is either unconnected or has no load
WARNING: [Synth 8-7129] Port JD[10] in module NEXYS_A7 is either unconnected or has no load
WARNING: [Synth 8-7129] Port JD[9] in module NEXYS_A7 is either unconnected or has no load
WARNING: [Synth 8-7129] Port JD[8] in module NEXYS_A7 is either unconnected or has no load
WARNING: [Synth 8-7129] Port JD[7] in module NEXYS_A7 is either unconnected or has no load
WARNING: [Synth 8-7129] Port JD[6] in module NEXYS_A7 is either unconnected or has no load
WARNING: [Synth 8-7129] Port JD[5] in module NEXYS_A7 is either unconnected or has no load
WARNING: [Synth 8-7129] Port JD[4] in module NEXYS_A7 is either unconnected or has no load
WARNING: [Synth 8-7129] Port JD[3] in module NEXYS_A7 is either unconnected or has no load
WARNING: [Synth 8-7129] Port JD[2] in module NEXYS_A7 is either unconnected or has no load
WARNING: [Synth 8-7129] Port JD[1] in module NEXYS_A7 is either unconnected or has no load
WARNING: [Synth 8-7129] Port JD[0] in module NEXYS_A7 is either unconnected or has no load
WARNING: [Synth 8-7129] Port XA_N[4] in module NEXYS_A7 is either unconnected or has no load
WARNING: [Synth 8-7129] Port XA_N[3] in module NEXYS_A7 is either unconnected or has no load
WARNING: [Synth 8-7129] Port XA_N[2] in module NEXYS_A7 is either unconnected or has no load
WARNING: [Synth 8-7129] Port XA_N[1] in module NEXYS_A7 is either unconnected or has no load
WARNING: [Synth 8-7129] Port XA_N[0] in module NEXYS_A7 is either unconnected or has no load
WARNING: [Synth 8-7129] Port XA_P[4] in module NEXYS_A7 is either unconnected or has no load
WARNING: [Synth 8-7129] Port XA_P[3] in module NEXYS_A7 is either unconnected or has no load
WARNING: [Synth 8-7129] Port XA_P[2] in module NEXYS_A7 is either unconnected or has no load
WARNING: [Synth 8-7129] Port XA_P[1] in module NEXYS_A7 is either unconnected or has no load
WARNING: [Synth 8-7129] Port XA_P[0] in module NEXYS_A7 is either unconnected or has no load
WARNING: [Synth 8-7129] Port SD_SCK in module NEXYS_A7 is either unconnected or has no load
WARNING: [Synth 8-7129] Port SD_CMD in module NEXYS_A7 is either unconnected or has no load
WARNING: [Synth 8-7129] Port SD_DAT[3] in module NEXYS_A7 is either unconnected or has no load
WARNING: [Synth 8-7129] Port SD_DAT[2] in module NEXYS_A7 is either unconnected or has no load
WARNING: [Synth 8-7129] Port SD_DAT[1] in module NEXYS_A7 is either unconnected or has no load
WARNING: [Synth 8-7129] Port SD_DAT[0] in module NEXYS_A7 is either unconnected or has no load
WARNING: [Synth 8-7129] Port TMP_SDA in module NEXYS_A7 is either unconnected or has no load
WARNING: [Synth 8-7129] Port PS2_CLK in module NEXYS_A7 is either unconnected or has no load
WARNING: [Synth 8-7129] Port PS2_DATA in module NEXYS_A7 is either unconnected or has no load
WARNING: [Synth 8-7129] Port ETH_MDIO in module NEXYS_A7 is either unconnected or has no load
WARNING: [Synth 8-7129] Port ETH_CRSDV in module NEXYS_A7 is either unconnected or has no load
WARNING: [Synth 8-7129] Port ETH_RXERR in module NEXYS_A7 is either unconnected or has no load
WARNING: [Synth 8-7129] Port ETH_RXD[1] in module NEXYS_A7 is either unconnected or has no load
WARNING: [Synth 8-7129] Port ETH_RXD[0] in module NEXYS_A7 is either unconnected or has no load
WARNING: [Synth 8-7129] Port ETH_REFCLK in module NEXYS_A7 is either unconnected or has no load
WARNING: [Synth 8-7129] Port ETH_INTN in module NEXYS_A7 is either unconnected or has no load
WARNING: [Synth 8-7129] Port QSPI_DQ[3] in module NEXYS_A7 is either unconnected or has no load
WARNING: [Synth 8-7129] Port QSPI_DQ[2] in module NEXYS_A7 is either unconnected or has no load
WARNING: [Synth 8-7129] Port QSPI_DQ[1] in module NEXYS_A7 is either unconnected or has no load
WARNING: [Synth 8-7129] Port QSPI_DQ[0] in module NEXYS_A7 is either unconnected or has no load
WARNING: [Synth 8-7129] Port SW[15] in module NEXYS_A7 is either unconnected or has no load
WARNING: [Synth 8-7129] Port SW[14] in module NEXYS_A7 is either unconnected or has no load
WARNING: [Synth 8-7129] Port SW[13] in module NEXYS_A7 is either unconnected or has no load
WARNING: [Synth 8-7129] Port SW[12] in module NEXYS_A7 is either unconnected or has no load
WARNING: [Synth 8-7129] Port SW[11] in module NEXYS_A7 is either unconnected or has no load
WARNING: [Synth 8-7129] Port SW[10] in module NEXYS_A7 is either unconnected or has no load
WARNING: [Synth 8-7129] Port SW[9] in module NEXYS_A7 is either unconnected or has no load
WARNING: [Synth 8-7129] Port SW[8] in module NEXYS_A7 is either unconnected or has no load
WARNING: [Synth 8-7129] Port SW[7] in module NEXYS_A7 is either unconnected or has no load
WARNING: [Synth 8-7129] Port SW[6] in module NEXYS_A7 is either unconnected or has no load
WARNING: [Synth 8-7129] Port SW[5] in module NEXYS_A7 is either unconnected or has no load
WARNING: [Synth 8-7129] Port SW[4] in module NEXYS_A7 is either unconnected or has no load
WARNING: [Synth 8-7129] Port SW[3] in module NEXYS_A7 is either unconnected or has no load
WARNING: [Synth 8-7129] Port SW[2] in module NEXYS_A7 is either unconnected or has no load
WARNING: [Synth 8-7129] Port SW[1] in module NEXYS_A7 is either unconnected or has no load
WARNING: [Synth 8-7129] Port SW[0] in module NEXYS_A7 is either unconnected or has no load
WARNING: [Synth 8-7129] Port CPU_RESETN in module NEXYS_A7 is either unconnected or has no load
WARNING: [Synth 8-7129] Port BTNL in module NEXYS_A7 is either unconnected or has no load
WARNING: [Synth 8-7129] Port BTNR in module NEXYS_A7 is either unconnected or has no load
WARNING: [Synth 8-7129] Port BTND in module NEXYS_A7 is either unconnected or has no load
WARNING: [Synth 8-7129] Port SD_CD in module NEXYS_A7 is either unconnected or has no load
WARNING: [Synth 8-7129] Port ACL_MISO in module NEXYS_A7 is either unconnected or has no load
WARNING: [Synth 8-7129] Port ACL_INT[2] in module NEXYS_A7 is either unconnected or has no load
WARNING: [Synth 8-7129] Port ACL_INT[1] in module NEXYS_A7 is either unconnected or has no load
WARNING: [Synth 8-7129] Port ACL_INT[0] in module NEXYS_A7 is either unconnected or has no load
WARNING: [Synth 8-7129] Port TMP_INT in module NEXYS_A7 is either unconnected or has no load
INFO: [Common 17-14] Message 'Synth 8-7129' appears 100 times and further instances of the messages will be disabled. Use the Tcl command set_msg_config to change the current settings.
---------------------------------------------------------------------------------
Finished RTL Elaboration : Time (s): cpu = 00:00:08 ; elapsed = 00:00:09 . Memory (MB): peak = 1145.199 ; gain = 572.555
---------------------------------------------------------------------------------
---------------------------------------------------------------------------------
Start Handling Custom Attributes
---------------------------------------------------------------------------------
---------------------------------------------------------------------------------
Finished Handling Custom Attributes : Time (s): cpu = 00:00:08 ; elapsed = 00:00:09 . Memory (MB): peak = 1145.199 ; gain = 572.555
---------------------------------------------------------------------------------
---------------------------------------------------------------------------------
Finished RTL Optimization Phase 1 : Time (s): cpu = 00:00:08 ; elapsed = 00:00:09 . Memory (MB): peak = 1145.199 ; gain = 572.555
---------------------------------------------------------------------------------
Netlist sorting complete. Time (s): cpu = 00:00:00 ; elapsed = 00:00:00.002 . Memory (MB): peak = 1145.199 ; gain = 0.000
INFO: [Project 1-570] Preparing netlist for logic optimization

Processing XDC Constraints
Initializing timing engine
Parsing XDC File [C:/Users/DCLAB/Documents/FPGA_Lab1/team01_lab1/NEXYS_A7/Nexys-A7-100T-Master.xdc]
Finished Parsing XDC File [C:/Users/DCLAB/Documents/FPGA_Lab1/team01_lab1/NEXYS_A7/Nexys-A7-100T-Master.xdc]
INFO: [Project 1-236] Implementation specific constraints were found while reading constraint file [C:/Users/DCLAB/Documents/FPGA_Lab1/team01_lab1/NEXYS_A7/Nexys-A7-100T-Master.xdc]. These constraints will be ignored for synthesis but will be used in implementation. Impacted constraints are listed in the file [.Xil/NEXYS_A7_propImpl.xdc].
Resolution: To avoid this warning, move constraints listed in [.Xil/NEXYS_A7_propImpl.xdc] to another XDC file and exclude this new file from synthesis with the used_in_synthesis property (File Properties dialog in GUI) and re-run elaboration/synthesis.
Completed Processing XDC Constraints

Netlist sorting complete. Time (s): cpu = 00:00:00 ; elapsed = 00:00:00 . Memory (MB): peak = 1219.066 ; gain = 0.000
INFO: [Project 1-111] Unisim Transformation Summary:
No Unisim elements were transformed.

Constraint Validation Runtime : Time (s): cpu = 00:00:00 ; elapsed = 00:00:00.003 . Memory (MB): peak = 1219.066 ; gain = 0.000
---------------------------------------------------------------------------------
Finished Constraint Validation : Time (s): cpu = 00:00:18 ; elapsed = 00:00:19 . Memory (MB): peak = 1219.066 ; gain = 646.422
---------------------------------------------------------------------------------
---------------------------------------------------------------------------------
Start Loading Part and Timing Information
---------------------------------------------------------------------------------
Loading part: xc7a100tcsg324-1
---------------------------------------------------------------------------------
Finished Loading Part and Timing Information : Time (s): cpu = 00:00:18 ; elapsed = 00:00:19 . Memory (MB): peak = 1219.066 ; gain = 646.422
---------------------------------------------------------------------------------
---------------------------------------------------------------------------------
Start Applying 'set_property' XDC Constraints
---------------------------------------------------------------------------------
---------------------------------------------------------------------------------
Finished applying 'set_property' XDC Constraints : Time (s): cpu = 00:00:18 ; elapsed = 00:00:19 . Memory (MB): peak = 1219.066 ; gain = 646.422
---------------------------------------------------------------------------------
---------------------------------------------------------------------------------
Finished RTL Optimization Phase 2 : Time (s): cpu = 00:00:18 ; elapsed = 00:00:19 . Memory (MB): peak = 1219.066 ; gain = 646.422
---------------------------------------------------------------------------------
---------------------------------------------------------------------------------
Start RTL Component Statistics 
---------------------------------------------------------------------------------
Detailed RTL Component Info : 
+---Adders : 
	   2 Input   29 Bit       Adders := 1     
	   2 Input    4 Bit       Adders := 1     
	   2 Input    3 Bit       Adders := 1     
+---XORs : 
	   2 Input      1 Bit         XORs := 1     
+---Registers : 
	                5 Bit    Registers := 1     
	                4 Bit    Registers := 1     
	                3 Bit    Registers := 1     
	                1 Bit    Registers := 1     
+---Muxes : 
	   2 Input   29 Bit        Muxes := 1     
	   2 Input    8 Bit        Muxes := 1     
	   2 Input    4 Bit        Muxes := 2     
	   2 Input    3 Bit        Muxes := 1     
	   3 Input    3 Bit        Muxes := 1     
	   2 Input    1 Bit        Muxes := 1     
---------------------------------------------------------------------------------
Finished RTL Component Statistics 
---------------------------------------------------------------------------------
---------------------------------------------------------------------------------
Start Part Resource Summary
---------------------------------------------------------------------------------
Part Resources:
DSPs: 240 (col length:80)
BRAMs: 270 (col length: RAMB18 80 RAMB36 40)
---------------------------------------------------------------------------------
Finished Part Resource Summary
---------------------------------------------------------------------------------
---------------------------------------------------------------------------------
Start Cross Boundary and Area Optimization
---------------------------------------------------------------------------------
WARNING: [Synth 8-7080] Parallel synthesis criteria is not met
WARNING: [Synth 8-3917] design NEXYS_A7 has port LED[15] driven by constant 0
WARNING: [Synth 8-3917] design NEXYS_A7 has port LED[14] driven by constant 0
WARNING: [Synth 8-3917] design NEXYS_A7 has port LED[13] driven by constant 0
WARNING: [Synth 8-3917] design NEXYS_A7 has port LED[12] driven by constant 0
WARNING: [Synth 8-3917] design NEXYS_A7 has port LED[11] driven by constant 0
WARNING: [Synth 8-3917] design NEXYS_A7 has port LED[10] driven by constant 0
WARNING: [Synth 8-3917] design NEXYS_A7 has port LED[9] driven by constant 0
WARNING: [Synth 8-3917] design NEXYS_A7 has port LED[8] driven by constant 0
WARNING: [Synth 8-3917] design NEXYS_A7 has port LED[7] driven by constant 0
WARNING: [Synth 8-3917] design NEXYS_A7 has port LED[6] driven by constant 0
WARNING: [Synth 8-3917] design NEXYS_A7 has port LED[5] driven by constant 0
WARNING: [Synth 8-3917] design NEXYS_A7 has port LED[4] driven by constant 0
WARNING: [Synth 8-3917] design NEXYS_A7 has port LED[3] driven by constant 0
WARNING: [Synth 8-3917] design NEXYS_A7 has port LED[2] driven by constant 0
WARNING: [Synth 8-3917] design NEXYS_A7 has port LED[1] driven by constant 0
WARNING: [Synth 8-3917] design NEXYS_A7 has port LED[0] driven by constant 0
WARNING: [Synth 8-3917] design NEXYS_A7 has port LED16_B driven by constant 0
WARNING: [Synth 8-3917] design NEXYS_A7 has port LED16_G driven by constant 0
WARNING: [Synth 8-3917] design NEXYS_A7 has port LED16_R driven by constant 0
WARNING: [Synth 8-3917] design NEXYS_A7 has port LED17_B driven by constant 0
WARNING: [Synth 8-3917] design NEXYS_A7 has port LED17_G driven by constant 0
WARNING: [Synth 8-3917] design NEXYS_A7 has port LED17_R driven by constant 0
WARNING: [Synth 8-3917] design NEXYS_A7 has port DP driven by constant 1
WARNING: [Synth 8-3917] design NEXYS_A7 has port AN[7] driven by constant 1
WARNING: [Synth 8-3917] design NEXYS_A7 has port AN[6] driven by constant 1
WARNING: [Synth 8-3917] design NEXYS_A7 has port AN[5] driven by constant 1
WARNING: [Synth 8-3917] design NEXYS_A7 has port AN[4] driven by constant 1
WARNING: [Synth 8-3917] design NEXYS_A7 has port AN[3] driven by constant 1
WARNING: [Synth 8-3917] design NEXYS_A7 has port AN[2] driven by constant 1
WARNING: [Synth 8-3917] design NEXYS_A7 has port VGA_R[3] driven by constant 0
WARNING: [Synth 8-3917] design NEXYS_A7 has port VGA_R[2] driven by constant 0
WARNING: [Synth 8-3917] design NEXYS_A7 has port VGA_R[1] driven by constant 0
WARNING: [Synth 8-3917] design NEXYS_A7 has port VGA_R[0] driven by constant 0
WARNING: [Synth 8-3917] design NEXYS_A7 has port VGA_G[3] driven by constant 0
WARNING: [Synth 8-3917] design NEXYS_A7 has port VGA_G[2] driven by constant 0
WARNING: [Synth 8-3917] design NEXYS_A7 has port VGA_G[1] driven by constant 0
WARNING: [Synth 8-3917] design NEXYS_A7 has port VGA_G[0] driven by constant 0
WARNING: [Synth 8-3917] design NEXYS_A7 has port VGA_B[3] driven by constant 0
WARNING: [Synth 8-3917] design NEXYS_A7 has port VGA_B[2] driven by constant 0
WARNING: [Synth 8-3917] design NEXYS_A7 has port VGA_B[1] driven by constant 0
WARNING: [Synth 8-3917] design NEXYS_A7 has port VGA_B[0] driven by constant 0
WARNING: [Synth 8-3917] design NEXYS_A7 has port VGA_HS driven by constant 0
WARNING: [Synth 8-3917] design NEXYS_A7 has port VGA_VS driven by constant 0
WARNING: [Synth 8-3917] design NEXYS_A7 has port SD_RESET driven by constant 0
WARNING: [Synth 8-3917] design NEXYS_A7 has port ACL_MOSI driven by constant 0
WARNING: [Synth 8-3917] design NEXYS_A7 has port ACL_SCLK driven by constant 0
INFO: [Common 17-14] Message 'Synth 8-3917' appears 100 times and further instances of the messages will be disabled. Use the Tcl command set_msg_config to change the current settings.
---------------------------------------------------------------------------------
Finished Cross Boundary and Area Optimization : Time (s): cpu = 00:00:21 ; elapsed = 00:00:22 . Memory (MB): peak = 1219.066 ; gain = 646.422
---------------------------------------------------------------------------------
---------------------------------------------------------------------------------
Start Applying XDC Timing Constraints
---------------------------------------------------------------------------------
---------------------------------------------------------------------------------
Finished Applying XDC Timing Constraints : Time (s): cpu = 00:00:27 ; elapsed = 00:00:28 . Memory (MB): peak = 1348.043 ; gain = 775.398
---------------------------------------------------------------------------------
---------------------------------------------------------------------------------
Start Timing Optimization
---------------------------------------------------------------------------------
---------------------------------------------------------------------------------
Finished Timing Optimization : Time (s): cpu = 00:00:27 ; elapsed = 00:00:29 . Memory (MB): peak = 1379.133 ; gain = 806.488
---------------------------------------------------------------------------------
---------------------------------------------------------------------------------
Start Technology Mapping
---------------------------------------------------------------------------------
---------------------------------------------------------------------------------
Finished Technology Mapping : Time (s): cpu = 00:00:28 ; elapsed = 00:00:29 . Memory (MB): peak = 1379.133 ; gain = 806.488
---------------------------------------------------------------------------------
---------------------------------------------------------------------------------
Start IO Insertion
---------------------------------------------------------------------------------
---------------------------------------------------------------------------------
Start Flattening Before IO Insertion
---------------------------------------------------------------------------------
---------------------------------------------------------------------------------
Finished Flattening Before IO Insertion
---------------------------------------------------------------------------------
---------------------------------------------------------------------------------
Start Final Netlist Cleanup
---------------------------------------------------------------------------------
---------------------------------------------------------------------------------
Finished Final Netlist Cleanup
---------------------------------------------------------------------------------
---------------------------------------------------------------------------------
Finished IO Insertion : Time (s): cpu = 00:00:32 ; elapsed = 00:00:33 . Memory (MB): peak = 1574.582 ; gain = 1001.938
---------------------------------------------------------------------------------
---------------------------------------------------------------------------------
Start Renaming Generated Instances
---------------------------------------------------------------------------------
---------------------------------------------------------------------------------
Finished Renaming Generated Instances : Time (s): cpu = 00:00:32 ; elapsed = 00:00:33 . Memory (MB): peak = 1574.582 ; gain = 1001.938
---------------------------------------------------------------------------------
---------------------------------------------------------------------------------
Start Rebuilding User Hierarchy
---------------------------------------------------------------------------------
---------------------------------------------------------------------------------
Finished Rebuilding User Hierarchy : Time (s): cpu = 00:00:32 ; elapsed = 00:00:33 . Memory (MB): peak = 1574.582 ; gain = 1001.938
---------------------------------------------------------------------------------
---------------------------------------------------------------------------------
Start Renaming Generated Ports
---------------------------------------------------------------------------------
---------------------------------------------------------------------------------
Finished Renaming Generated Ports : Time (s): cpu = 00:00:32 ; elapsed = 00:00:33 . Memory (MB): peak = 1574.582 ; gain = 1001.938
---------------------------------------------------------------------------------
---------------------------------------------------------------------------------
Start Handling Custom Attributes
---------------------------------------------------------------------------------
---------------------------------------------------------------------------------
Finished Handling Custom Attributes : Time (s): cpu = 00:00:32 ; elapsed = 00:00:33 . Memory (MB): peak = 1574.582 ; gain = 1001.938
---------------------------------------------------------------------------------
---------------------------------------------------------------------------------
Start Renaming Generated Nets
---------------------------------------------------------------------------------
---------------------------------------------------------------------------------
Finished Renaming Generated Nets : Time (s): cpu = 00:00:32 ; elapsed = 00:00:33 . Memory (MB): peak = 1574.582 ; gain = 1001.938
---------------------------------------------------------------------------------
---------------------------------------------------------------------------------
Start Writing Synthesis Report
---------------------------------------------------------------------------------

Report BlackBoxes: 
+-+--------------+----------+
| |BlackBox name |Instances |
+-+--------------+----------+
+-+--------------+----------+

Report Cell Usage: 
+------+-------+------+
|      |Cell   |Count |
+------+-------+------+
|1     |BUFG   |     2|
|2     |CARRY4 |    15|
|3     |LUT1   |     2|
|4     |LUT2   |     4|
|5     |LUT3   |     6|
|6     |LUT4   |    28|
|7     |LUT5   |     9|
|8     |LUT6   |     4|
|9     |FDCE   |    41|
|10    |FDPE   |     2|
|11    |LDC    |     1|
|12    |IBUF   |     3|
|13    |OBUF   |    69|
+------+-------+------+
---------------------------------------------------------------------------------
Finished Writing Synthesis Report : Time (s): cpu = 00:00:32 ; elapsed = 00:00:33 . Memory (MB): peak = 1574.582 ; gain = 1001.938
---------------------------------------------------------------------------------
Synthesis finished with 0 errors, 0 critical warnings and 165 warnings.
Synthesis Optimization Runtime : Time (s): cpu = 00:00:21 ; elapsed = 00:00:31 . Memory (MB): peak = 1574.582 ; gain = 928.070
Synthesis Optimization Complete : Time (s): cpu = 00:00:32 ; elapsed = 00:00:34 . Memory (MB): peak = 1574.582 ; gain = 1001.938
INFO: [Project 1-571] Translating synthesized netlist
Netlist sorting complete. Time (s): cpu = 00:00:00 ; elapsed = 00:00:00.004 . Memory (MB): peak = 1574.582 ; gain = 0.000
INFO: [Netlist 29-17] Analyzing 16 Unisim elements for replacement
INFO: [Netlist 29-28] Unisim Transformation completed in 0 CPU seconds
INFO: [Project 1-570] Preparing netlist for logic optimization
Parsing XDC File [C:/Users/DCLAB/Documents/FPGA_Lab1/team01_lab1/NEXYS_A7/Nexys-A7-100T-Master.xdc]
Finished Parsing XDC File [C:/Users/DCLAB/Documents/FPGA_Lab1/team01_lab1/NEXYS_A7/Nexys-A7-100T-Master.xdc]
INFO: [Opt 31-138] Pushed 0 inverter(s) to 0 load pin(s).
Netlist sorting complete. Time (s): cpu = 00:00:00 ; elapsed = 00:00:00 . Memory (MB): peak = 1574.582 ; gain = 0.000
INFO: [Project 1-111] Unisim Transformation Summary:
  A total of 1 instances were transformed.
  LDC => LDCE: 1 instance 

Synth Design complete | Checksum: 979781c7
INFO: [Common 17-83] Releasing license: Synthesis
21 Infos, 201 Warnings, 0 Critical Warnings and 0 Errors encountered.
synth_design completed successfully
synth_design: Time (s): cpu = 00:00:37 ; elapsed = 00:00:40 . Memory (MB): peak = 1574.582 ; gain = 1209.523
# reports synthesis
# write_checkpoint -force [file join $out synthesis.dcp]
Write ShapeDB Complete: Time (s): cpu = 00:00:00 ; elapsed = 00:00:00.002 . Memory (MB): peak = 1574.582 ; gain = 0.000
INFO: [Timing 38-480] Writing timing data to binary archive.
Wrote PlaceDB: Time (s): cpu = 00:00:00 ; elapsed = 00:00:00.013 . Memory (MB): peak = 1574.582 ; gain = 0.000
Wrote PulsedLatchDB: Time (s): cpu = 00:00:00 ; elapsed = 00:00:00 . Memory (MB): peak = 1574.582 ; gain = 0.000
Writing XDEF routing.
Writing XDEF routing logical nets.
Writing XDEF routing special nets.
Wrote RouteStorage: Time (s): cpu = 00:00:00 ; elapsed = 00:00:00.019 . Memory (MB): peak = 1574.582 ; gain = 0.000
Wrote Netlist Cache: Time (s): cpu = 00:00:00 ; elapsed = 00:00:00.001 . Memory (MB): peak = 1574.582 ; gain = 0.000
Wrote Device Cache: Time (s): cpu = 00:00:00 ; elapsed = 00:00:00.009 . Memory (MB): peak = 1574.582 ; gain = 0.000
Write Physdb Complete: Time (s): cpu = 00:00:00 ; elapsed = 00:00:00.049 . Memory (MB): peak = 1574.582 ; gain = 0.000
INFO: [Common 17-1381] The checkpoint 'C:/Users/DCLAB/Documents/FPGA_Lab1/report/nexys_current/synthesis.dcp' has been generated.
# opt_design
Command: opt_design
Attempting to get a license for feature 'Implementation' and/or device 'xc7a100t'
INFO: [Common 17-349] Got license for feature 'Implementation' and/or device 'xc7a100t'
Running DRC as a precondition to command opt_design

Starting DRC Task
INFO: [DRC 23-27] Running DRC with 4 threads
INFO: [Project 1-461] DRC finished with 0 Errors
INFO: [Project 1-462] Please refer to the DRC report (report_drc) for more information.

Time (s): cpu = 00:00:04 ; elapsed = 00:00:02 . Memory (MB): peak = 1574.582 ; gain = 0.000

Starting Cache Timing Information Task
INFO: [Timing 38-35] Done setting XDC timing constraints.
Ending Cache Timing Information Task | Checksum: 2022b2ec9

Time (s): cpu = 00:00:07 ; elapsed = 00:00:08 . Memory (MB): peak = 1850.961 ; gain = 276.379

Starting Logic Optimization Task

Phase 1 Initialization

Phase 1.1 Core Generation And Design Setup
Phase 1.1 Core Generation And Design Setup | Checksum: 2022b2ec9

Time (s): cpu = 00:00:00 ; elapsed = 00:00:00.001 . Memory (MB): peak = 2225.395 ; gain = 0.000

Phase 1.2 Setup Constraints And Sort Netlist
Phase 1.2 Setup Constraints And Sort Netlist | Checksum: 2022b2ec9

Time (s): cpu = 00:00:00 ; elapsed = 00:00:00.002 . Memory (MB): peak = 2225.395 ; gain = 0.000
Phase 1 Initialization | Checksum: 2022b2ec9

Time (s): cpu = 00:00:00 ; elapsed = 00:00:00.003 . Memory (MB): peak = 2225.395 ; gain = 0.000

Phase 2 Timer Update And Timing Data Collection

Phase 2.1 Timer Update
Phase 2.1 Timer Update | Checksum: 2022b2ec9

Time (s): cpu = 00:00:00 ; elapsed = 00:00:00.012 . Memory (MB): peak = 2225.395 ; gain = 0.000

Phase 2.2 Timing Data Collection
Phase 2.2 Timing Data Collection | Checksum: 2022b2ec9

Time (s): cpu = 00:00:00 ; elapsed = 00:00:00.018 . Memory (MB): peak = 2225.395 ; gain = 0.000
Phase 2 Timer Update And Timing Data Collection | Checksum: 2022b2ec9

Time (s): cpu = 00:00:00 ; elapsed = 00:00:00.019 . Memory (MB): peak = 2225.395 ; gain = 0.000

Phase 3 Retarget
INFO: [Opt 31-1851] Number of loadless carry chains removed were: 0
INFO: [Opt 31-1834] Total Chains To Be Transformed Were: 0 AND Number of Transformed insts Created are: 0
INFO: [Opt 31-138] Pushed 0 inverter(s) to 0 load pin(s).
INFO: [Opt 31-49] Retargeted 0 cell(s).
Phase 3 Retarget | Checksum: 2022b2ec9

Time (s): cpu = 00:00:00 ; elapsed = 00:00:00.027 . Memory (MB): peak = 2225.395 ; gain = 0.000
Retarget | Checksum: 2022b2ec9
INFO: [Opt 31-389] Phase Retarget created 0 cells and removed 0 cells

Phase 4 Constant propagation
INFO: [Opt 31-138] Pushed 0 inverter(s) to 0 load pin(s).
Phase 4 Constant propagation | Checksum: 2022b2ec9

Time (s): cpu = 00:00:00 ; elapsed = 00:00:00.032 . Memory (MB): peak = 2225.395 ; gain = 0.000
Constant propagation | Checksum: 2022b2ec9
INFO: [Opt 31-389] Phase Constant propagation created 0 cells and removed 0 cells

Phase 5 Sweep
INFO: [Constraints 18-11670] Building netlist checker database with flags, 0x8
Done building netlist checker database: Time (s): cpu = 00:00:00 ; elapsed = 00:00:00 . Memory (MB): peak = 2225.395 ; gain = 0.000
Phase 5 Sweep | Checksum: 1cf3c203d

Time (s): cpu = 00:00:00 ; elapsed = 00:00:00.037 . Memory (MB): peak = 2225.395 ; gain = 0.000
Sweep | Checksum: 1cf3c203d
INFO: [Opt 31-389] Phase Sweep created 0 cells and removed 0 cells

Phase 6 BUFG optimization
Phase 6 BUFG optimization | Checksum: 1cf3c203d

Time (s): cpu = 00:00:00 ; elapsed = 00:00:00.077 . Memory (MB): peak = 2225.395 ; gain = 0.000
BUFG optimization | Checksum: 1cf3c203d
INFO: [Opt 31-662] Phase BUFG optimization created 0 cells of which 0 are BUFGs and removed 0 cells.

Phase 7 Shift Register Optimization
INFO: [Opt 31-1064] SRL Remap converted 0 SRLs to 0 registers and converted 0 registers of register chains to 0 SRLs
Phase 7 Shift Register Optimization | Checksum: 1cf3c203d

Time (s): cpu = 00:00:00 ; elapsed = 00:00:00.080 . Memory (MB): peak = 2225.395 ; gain = 0.000
Shift Register Optimization | Checksum: 1cf3c203d
INFO: [Opt 31-389] Phase Shift Register Optimization created 0 cells and removed 0 cells

Phase 8 Post Processing Netlist
Phase 8 Post Processing Netlist | Checksum: 1cf3c203d

Time (s): cpu = 00:00:00 ; elapsed = 00:00:00.083 . Memory (MB): peak = 2225.395 ; gain = 0.000
Post Processing Netlist | Checksum: 1cf3c203d
INFO: [Opt 31-389] Phase Post Processing Netlist created 0 cells and removed 0 cells

Phase 9 Finalization

Phase 9.1 Finalizing Design Cores and Updating Shapes
Phase 9.1 Finalizing Design Cores and Updating Shapes | Checksum: 24abfb5ee

Time (s): cpu = 00:00:00 ; elapsed = 00:00:00.093 . Memory (MB): peak = 2225.395 ; gain = 0.000

Phase 9.2 Verifying Netlist Connectivity

Starting Connectivity Check Task

Time (s): cpu = 00:00:00 ; elapsed = 00:00:00.010 . Memory (MB): peak = 2225.395 ; gain = 0.000
Phase 9.2 Verifying Netlist Connectivity | Checksum: 24abfb5ee

Time (s): cpu = 00:00:00 ; elapsed = 00:00:00.105 . Memory (MB): peak = 2225.395 ; gain = 0.000
Phase 9 Finalization | Checksum: 24abfb5ee

Time (s): cpu = 00:00:00 ; elapsed = 00:00:00.106 . Memory (MB): peak = 2225.395 ; gain = 0.000
Opt_design Change Summary
=========================


-------------------------------------------------------------------------------------------------------------------------
|  Phase                        |  #Cells created  |  #Cells Removed  |  #Constrained objects preventing optimizations  |
-------------------------------------------------------------------------------------------------------------------------
|  Retarget                     |               0  |               0  |                                              0  |
|  Constant propagation         |               0  |               0  |                                              0  |
|  Sweep                        |               0  |               0  |                                              0  |
|  BUFG optimization            |               0  |               0  |                                              0  |
|  Shift Register Optimization  |               0  |               0  |                                              0  |
|  Post Processing Netlist      |               0  |               0  |                                              0  |
-------------------------------------------------------------------------------------------------------------------------


Ending Logic Optimization Task | Checksum: 24abfb5ee

Time (s): cpu = 00:00:00 ; elapsed = 00:00:00.109 . Memory (MB): peak = 2225.395 ; gain = 0.000

Starting Power Optimization Task
INFO: [Pwropt 34-132] Skipping clock gating for clocks with a period < 2.00 ns.
Ending Power Optimization Task | Checksum: 24abfb5ee

Time (s): cpu = 00:00:00 ; elapsed = 00:00:00.012 . Memory (MB): peak = 2225.395 ; gain = 0.000

Starting Final Cleanup Task
Ending Final Cleanup Task | Checksum: 24abfb5ee

Time (s): cpu = 00:00:00 ; elapsed = 00:00:00.001 . Memory (MB): peak = 2225.395 ; gain = 0.000

Starting Netlist Obfuscation Task
Netlist sorting complete. Time (s): cpu = 00:00:00 ; elapsed = 00:00:00.001 . Memory (MB): peak = 2225.395 ; gain = 0.000
Ending Netlist Obfuscation Task | Checksum: 24abfb5ee

Time (s): cpu = 00:00:00 ; elapsed = 00:00:00.001 . Memory (MB): peak = 2225.395 ; gain = 0.000
INFO: [Common 17-83] Releasing license: Implementation
20 Infos, 0 Warnings, 0 Critical Warnings and 0 Errors encountered.
opt_design completed successfully
opt_design: Time (s): cpu = 00:00:15 ; elapsed = 00:00:14 . Memory (MB): peak = 2225.395 ; gain = 650.812
# place_design
Command: place_design
Attempting to get a license for feature 'Implementation' and/or device 'xc7a100t'
INFO: [Common 17-349] Got license for feature 'Implementation' and/or device 'xc7a100t'
INFO: [Common 17-83] Releasing license: Implementation
INFO: [DRC 23-27] Running DRC with 4 threads
INFO: [Vivado_Tcl 4-198] DRC finished with 0 Errors
INFO: [Vivado_Tcl 4-199] Please refer to the DRC report (report_drc) for more information.
Running DRC as a precondition to command place_design
INFO: [DRC 23-27] Running DRC with 4 threads
INFO: [Vivado_Tcl 4-198] DRC finished with 0 Errors
INFO: [Vivado_Tcl 4-199] Please refer to the DRC report (report_drc) for more information.
INFO: [Place 30-611] Multithreading enabled for place_design using a maximum of 4 CPUs

Starting Placer Task

Phase 1 Placer Initialization

Phase 1.1 Placer Initialization Netlist Sorting
Netlist sorting complete. Time (s): cpu = 00:00:00 ; elapsed = 00:00:00 . Memory (MB): peak = 2225.395 ; gain = 0.000
Phase 1.1 Placer Initialization Netlist Sorting | Checksum: 1adb6f513

Time (s): cpu = 00:00:00 ; elapsed = 00:00:00.002 . Memory (MB): peak = 2225.395 ; gain = 0.000
Netlist sorting complete. Time (s): cpu = 00:00:00 ; elapsed = 00:00:00 . Memory (MB): peak = 2225.395 ; gain = 0.000

Phase 1.2 IO Placement/ Clock Placement/ Build Placer Device
INFO: [Timing 38-35] Done setting XDC timing constraints.
WARNING: [Place 30-87] Partially locked IO Bus is found. Following components of the IO Bus ACL_INT are not locked:  'ACL_INT[0]' 
WARNING: [Place 30-87] Partially locked IO Bus is found. Following components of the IO Bus JA are not locked:  'JA[6]'  'JA[5]'  'JA[0]' 
WARNING: [Place 30-87] Partially locked IO Bus is found. Following components of the IO Bus JB are not locked:  'JB[6]'  'JB[5]'  'JB[0]' 
WARNING: [Place 30-87] Partially locked IO Bus is found. Following components of the IO Bus JC are not locked:  'JC[6]'  'JC[5]'  'JC[0]' 
WARNING: [Place 30-87] Partially locked IO Bus is found. Following components of the IO Bus JD are not locked:  'JD[6]'  'JD[5]'  'JD[0]' 
WARNING: [Place 30-87] Partially locked IO Bus is found. Following components of the IO Bus XA_N are not locked:  'XA_N[0]' 
WARNING: [Place 30-87] Partially locked IO Bus is found. Following components of the IO Bus XA_P are not locked:  'XA_P[0]' 
ERROR: [Place 30-574] Poor placement for routing between an IO pin and BUFG. If this sub optimal condition is acceptable for this design, you may use the CLOCK_DEDICATED_ROUTE constraint in the .xdc file to demote this message to a WARNING. However, the use of this override is highly discouraged. These examples can be used directly in the .xdc file to override this clock rule.
	< set_property CLOCK_DEDICATED_ROUTE FALSE [get_nets BTNC_IBUF] >

	Clock Rule: rule_gclkio_bufg
	Status: FAILED
	Rule Description: An IOB driving a BUFG must use a CCIO in the same half side (top/bottom) of chip as the BUFG

	BTNC_IBUF_inst (IBUF.O) is locked to IOB_X0Y82
	BTNC_IBUF_BUFG_inst (BUFG.I) is provisionally placed by clockplacer on BUFGCTRL_X0Y0
Resolution: Poor placement of an IO pin and a BUFG has resulted in the router using a non-dedicated path between the two.  There are several things that could trigger this DRC, each of which can cause unpredictable clock insertion delays that result in poor timing.  This DRC could be caused by any of the following: (a) a clock port was placed on a pin that is not a CCIO-pin (b)the BUFG has not been placed in the same half of the device or SLR as the CCIO-pin (c) a single ended clock has been placed on the N-Side of a differential pair CCIO-pin.
Phase 1.2 IO Placement/ Clock Placement/ Build Placer Device | Checksum: 10a390287

Time (s): cpu = 00:00:01 ; elapsed = 00:00:00.674 . Memory (MB): peak = 2225.395 ; gain = 0.000
Phase 1 Placer Initialization | Checksum: 10a390287

Time (s): cpu = 00:00:01 ; elapsed = 00:00:00.675 . Memory (MB): peak = 2225.395 ; gain = 0.000
ERROR: [Place 30-99] Placer failed with error: 'IO Clock Placer failed'
Please review all ERROR, CRITICAL WARNING, and WARNING messages during placement to understand the cause for failure.
Ending Placer Task | Checksum: 10a390287

Time (s): cpu = 00:00:01 ; elapsed = 00:00:00.682 . Memory (MB): peak = 2225.395 ; gain = 0.000
10 Infos, 7 Warnings, 0 Critical Warnings and 3 Errors encountered.
place_design failed
ERROR: [Common 17-69] Command failed: Placer could not place all instances
INFO: [Common 17-206] Exiting Vivado at Sat Sep 19 23:02:12 2026...
