Copyright 1986-2022 Xilinx, Inc. All Rights Reserved. Copyright 2022-2024 Advanced Micro Devices, Inc. All Rights Reserved.
---------------------------------------------------------------------------------------------------------------------------------------------------------------
| Tool Version : Vivado v.2024.2 (win64) Build 5239630 Fri Nov 08 22:35:27 MST 2024
| Date         : Sat Sep 19 23:03:17 2026
| Host         : DESKTOP-6EVF12B running 64-bit major release  (build 9200)
| Command      : report_utilization -hierarchical -hierarchical_depth 10 -file C:/Users/DCLAB/Documents/FPGA_Lab1/report/nexys_current/synthesis_hierarchy.rpt
| Design       : NEXYS_A7
| Device       : xc7a100tcsg324-1
| Speed File   : -1
| Design State : Synthesized
---------------------------------------------------------------------------------------------------------------------------------------------------------------

Utilization Design Information

Table of Contents
-----------------
1. Utilization by Hierarchy

1. Utilization by Hierarchy
---------------------------

+--------------+--------+------------+------------+---------+------+-----+--------+--------+------------+
|   Instance   | Module | Total LUTs | Logic LUTs | LUTRAMs | SRLs | FFs | RAMB36 | RAMB18 | DSP Blocks |
+--------------+--------+------------+------------+---------+------+-----+--------+--------+------------+
| NEXYS_A7     |  (top) |         47 |         47 |       0 |    0 |  44 |      0 |      0 |          0 |
|   (NEXYS_A7) |  (top) |          0 |          0 |       0 |    0 |   0 |      0 |      0 |          0 |
|   top0       |    Top |         47 |         47 |       0 |    0 |  44 |      0 |      0 |          0 |
+--------------+--------+------------+------------+---------+------+-----+--------+--------+------------+


