#-----------------------------------------------------------
# Vivado v2024.2 (64-bit)
# SW Build 5239630 on Fri Nov 08 22:35:27 MST 2024
# IP Build 5239520 on Sun Nov 10 16:12:51 MST 2024
# SharedData Build 5239561 on Fri Nov 08 14:39:27 MST 2024
# Start of session at: Sat Sep 19 23:00:30 2026
# Process ID         : 17104
# Current directory  : C:/Users/DCLAB/Documents/FPGA_Lab1
# Command line       : vivado.exe -mode batch -source scripts/analyze_nexys.tcl -log report/nexys_current/vivado.log -journal report/nexys_current/vivado.jou
# Log file           : C:/Users/DCLAB/Documents/FPGA_Lab1/report/nexys_current/vivado.log
# Journal file       : C:/Users/DCLAB/Documents/FPGA_Lab1\report/nexys_current/vivado.jou
# Running On         : DESKTOP-6EVF12B
# Platform           : Windows Server 2016 or Windows 10
# Operating System   : 19045
# Processor Detail   : Intel(R) Core(TM) i7-7700 CPU @ 3.60GHz
# CPU Frequency      : 3600 MHz
# CPU Physical cores : 4
# CPU Logical cores  : 8
# Host memory        : 34237 MB
# Swap memory        : 5100 MB
# Total Virtual      : 39338 MB
# Available Virtual  : 22086 MB
#-----------------------------------------------------------
CRITICAL WARNING: [Common 17-741] No write access right to the local Tcl store at 'C'. XilinxTclStore is reverted to the installation area. If you want to use local Tcl Store, please change the access right and relaunch Vivado.
source scripts/analyze_nexys.tcl
# set root [file normalize [file join [file dirname [info script]] ..]]
# set out [file join $root report nexys_current]
# file mkdir $out
# set_param general.maxThreads 4
# create_project -in_memory -part xc7a100tcsg324-1
# foreach src [glob [file join $root team01_lab1 NEXYS_A7 *.sv]] {read_verilog -sv $src}
# read_xdc [file join $root team01_lab1 NEXYS_A7 Nexys-A7-100T-Master.xdc]
# proc reports {stage} {
#     global out
#     report_utilization -file [file join $out ${stage}_utilization.rpt]
#     report_utilization -hierarchical -hierarchical_depth 10 -file [file join $out ${stage}_hierarchy.rpt]
#     set f [open [file join $out ${stage}_cells.tsv] w]
#     puts $f "name\tref_name\tloc\tbel"
#     foreach c [lsort [get_cells -hier -filter {IS_PRIMITIVE == 1}]] {
#         puts $f "$c\t[get_property REF_NAME $c]\t[get_property LOC $c]\t[get_property BEL $c]"
#     }
#     close $f
# }
# synth_design -top NEXYS_A7 -part xc7a100tcsg324-1 -flatten_hierarchy rebuilt
Command: synth_design -top NEXYS_A7 -part xc7a100tcsg324-1 -flatten_hierarchy rebuilt
Starting synth_design
Attempting to get a license for feature 'Synthesis' and/or device 'xc7a100t'
INFO: [Common 17-349] Got license for feature 'Synthesis' and/or device 'xc7a100t'
INFO: [Device 21-403] Loading part xc7a100tcsg324-1
INFO: [Synth 8-7079] Multithreading enabled for synth_design using a maximum of 4 processes.
INFO: [Synth 8-7078] Launching helper process for spawning children vivado processes
INFO: [Synth 8-7075] Helper process launched with PID 16924
---------------------------------------------------------------------------------
Starting RTL Elaboration : Time (s): cpu = 00:00:06 ; elapsed = 00:00:07 . Memory (MB): peak = 1040.328 ; gain = 466.816
---------------------------------------------------------------------------------
ERROR: [Synth 8-36] 'i_digit0' is not declared [C:/Users/DCLAB/Documents/FPGA_Lab1/team01_lab1/NEXYS_A7/Seven_Segment_Display.sv:8]
ERROR: [Synth 8-36] 'i_digit1' is not declared [C:/Users/DCLAB/Documents/FPGA_Lab1/team01_lab1/NEXYS_A7/Seven_Segment_Display.sv:8]
INFO: [Synth 8-10285] module 'Seven_Segment_Display' is ignored due to previous errors [C:/Users/DCLAB/Documents/FPGA_Lab1/team01_lab1/NEXYS_A7/Seven_Segment_Display.sv:15]
INFO: [Synth 8-10285] module 'Display_digit' is ignored due to previous errors [C:/Users/DCLAB/Documents/FPGA_Lab1/team01_lab1/NEXYS_A7/Seven_Segment_Display.sv:26]
INFO: [Synth 8-9084] Verilog file 'C:/Users/DCLAB/Documents/FPGA_Lab1/team01_lab1/NEXYS_A7/Seven_Segment_Display.sv' ignored due to errors
ERROR: [Synth 8-12188] Failed to read verilog 'C:/Users/DCLAB/Documents/FPGA_Lab1/team01_lab1/NEXYS_A7/Seven_Segment_Display.sv'
---------------------------------------------------------------------------------
Finished RTL Elaboration : Time (s): cpu = 00:00:08 ; elapsed = 00:00:08 . Memory (MB): peak = 1138.699 ; gain = 565.188
---------------------------------------------------------------------------------
RTL Elaboration failed
INFO: [Common 17-83] Releasing license: Synthesis
9 Infos, 0 Warnings, 0 Critical Warnings and 4 Errors encountered.
synth_design failed
ERROR: [Common 17-69] Command failed: Synthesis failed - please see the console or run log file for details
INFO: [Common 17-206] Exiting Vivado at Sat Sep 19 23:00:48 2026...
