#-----------------------------------------------------------
# Vivado v2024.2 (64-bit)
# SW Build 5239630 on Fri Nov 08 22:35:27 MST 2024
# IP Build 5239520 on Sun Nov 10 16:12:51 MST 2024
# SharedData Build 5239561 on Fri Nov 08 14:39:27 MST 2024
# Start of session at: Thu Oct  1 17:02:40 2026
# Process ID         : 9444
# Current directory  : C:/Users/DCLAB/Documents/FPGA_Lab1/team04_lab1/bonus5
# Command line       : vivado.exe -gui_launcher_event rodinguilauncherevent7664 C:\Users\DCLAB\Documents\FPGA_Lab1\team04_lab1\bonus5\bonus5.xpr
# Log file           : C:/Users/DCLAB/Documents/FPGA_Lab1/team04_lab1/bonus5/vivado.log
# Journal file       : C:/Users/DCLAB/Documents/FPGA_Lab1/team04_lab1/bonus5\vivado.jou
# Running On         : DESKTOP-6EVF12B
# Platform           : Windows Server 2016 or Windows 10
# Operating System   : 19045
# Processor Detail   : Intel(R) Core(TM) i7-7700 CPU @ 3.60GHz
# CPU Frequency      : 3600 MHz
# CPU Physical cores : 4
# CPU Logical cores  : 8
# Host memory        : 34237 MB
# Swap memory        : 5100 MB
# Total Virtual      : 39338 MB
# Available Virtual  : 26577 MB
#-----------------------------------------------------------
start_gui
open_project C:/Users/DCLAB/Documents/FPGA_Lab1/team04_lab1/bonus5/bonus5.xpr
INFO: [filemgmt 56-3] Default IP Output Path : Could not find the directory 'C:/Users/DCLAB/Documents/FPGA_Lab1/team04_lab1/bonus5/bonus5.gen/sources_1'.
Scanning sources...
Finished scanning sources
INFO: [IP_Flow 19-234] Refreshing IP repositories
INFO: [IP_Flow 19-1704] No user IP repositories specified
INFO: [IP_Flow 19-2313] Loaded Vivado IP repository 'C:/Xilinx1/Vivado/2024.2/data/ip'.
open_project: Time (s): cpu = 00:00:13 ; elapsed = 00:00:06 . Memory (MB): peak = 1241.445 ; gain = 133.707
update_compile_order -fileset sources_1
