#-----------------------------------------------------------
# Vivado v2024.2 (64-bit)
# SW Build 5239630 on Fri Nov 08 22:35:27 MST 2024
# IP Build 5239520 on Sun Nov 10 16:12:51 MST 2024
# SharedData Build 5239561 on Fri Nov 08 14:39:27 MST 2024
# Start of session at: Thu Oct  1 20:29:41 2026
# Process ID         : 16656
# Current directory  : C:/Users/DCLAB/Documents/FPGA_Lab1/team04_lab1/bonus4
# Command line       : vivado.exe -gui_launcher_event rodinguilauncherevent272 C:\Users\DCLAB\Documents\FPGA_Lab1\team04_lab1\bonus4\bonus4.xpr
# Log file           : C:/Users/DCLAB/Documents/FPGA_Lab1/team04_lab1/bonus4/vivado.log
# Journal file       : C:/Users/DCLAB/Documents/FPGA_Lab1/team04_lab1/bonus4\vivado.jou
# Running On         : DESKTOP-6EVF12B
# Platform           : Windows Server 2016 or Windows 10
# Operating System   : 19045
# Processor Detail   : Intel(R) Core(TM) i7-7700 CPU @ 3.60GHz
# CPU Frequency      : 3600 MHz
# CPU Physical cores : 4
# CPU Logical cores  : 8
# Host memory        : 34237 MB
# Swap memory        : 5100 MB
# Total Virtual      : 39338 MB
# Available Virtual  : 34755 MB
#-----------------------------------------------------------
start_gui
open_project C:/Users/DCLAB/Documents/FPGA_Lab1/team04_lab1/bonus4/bonus4.xpr
INFO: [filemgmt 56-3] Default IP Output Path : Could not find the directory 'C:/Users/DCLAB/Documents/FPGA_Lab1/team04_lab1/bonus4/bonus4.gen/sources_1'.
Scanning sources...
Finished scanning sources
INFO: [IP_Flow 19-234] Refreshing IP repositories
INFO: [IP_Flow 19-1704] No user IP repositories specified
INFO: [IP_Flow 19-2313] Loaded Vivado IP repository 'C:/Xilinx1/Vivado/2024.2/data/ip'.
open_project: Time (s): cpu = 00:00:13 ; elapsed = 00:00:06 . Memory (MB): peak = 1249.312 ; gain = 145.926
update_compile_order -fileset sources_1
open_hw_manager
connect_hw_server -allow_non_jtag
INFO: [Labtools 27-2285] Connecting to hw_server url TCP:localhost:3121
INFO: [Labtools 27-2222] Launching hw_server...
INFO: [Labtools 27-2221] Launch Output:

****** Xilinx hw_server v2024.2
  **** Build date : Oct 29 2024 at 10:25:41
    ** Copyright 1986-2022 Xilinx, Inc. All Rights Reserved.


INFO: [Labtools 27-3415] Connecting to cs_server url TCP:localhost:0
INFO: [Labtools 27-3417] Launching cs_server...
INFO: [Labtools 27-2221] Launch Output:


******** Xilinx cs_server v2024.2.0
  ****** Build date   : Oct 31 2024-02:19:07
    **** Build number : 2024.2.1730312347
      ** Copyright 2017-2022 Xilinx, Inc. All Rights Reserved.
      ** Copyright 2022-2026 Advanced Micro Devices, Inc. All Rights Reserved.



connect_hw_server: Time (s): cpu = 00:00:01 ; elapsed = 00:00:06 . Memory (MB): peak = 1265.281 ; gain = 0.000
open_hw_target
INFO: [Labtoolstcl 44-466] Opening hw_target localhost:3121/xilinx_tcf/Digilent/210292BF6D74A
set_property PROGRAM.FILE {C:/Users/DCLAB/Documents/FPGA_Lab1/team04_lab1/bonus4/bonus4.runs/impl_1/NEXYS_A7.bit} [get_hw_devices xc7a100t_0]
current_hw_device [get_hw_devices xc7a100t_0]
refresh_hw_device -update_hw_probes false [lindex [get_hw_devices xc7a100t_0] 0]
INFO: [Labtools 27-1434] Device xc7a100t (JTAG device index = 0) is programmed with a design that has no supported debug core(s) in it.
set_property PROBES.FILE {} [get_hw_devices xc7a100t_0]
set_property FULL_PROBES.FILE {} [get_hw_devices xc7a100t_0]
set_property PROGRAM.FILE {C:/Users/DCLAB/Documents/FPGA_Lab1/team04_lab1/bonus4/bonus4.runs/impl_1/NEXYS_A7.bit} [get_hw_devices xc7a100t_0]
program_hw_devices [get_hw_devices xc7a100t_0]
INFO: [Labtools 27-3164] End of startup status: HIGH
refresh_hw_device [lindex [get_hw_devices xc7a100t_0] 0]
INFO: [Labtools 27-1434] Device xc7a100t (JTAG device index = 0) is programmed with a design that has no supported debug core(s) in it.
close_hw_manager
exit
INFO: [Common 17-206] Exiting Vivado at Thu Oct  1 20:32:21 2026...
