
*** Running vivado
    with args -log NEXYS_A7.vds -m64 -product Vivado -mode batch -messageDb vivado.pb -notrace -source NEXYS_A7.tcl



****** Vivado v2024.2 (64-bit)
  **** SW Build 5239630 on Fri Nov 08 22:35:27 MST 2024
  **** IP Build 5239520 on Sun Nov 10 16:12:51 MST 2024
  **** SharedData Build 5239561 on Fri Nov 08 14:39:27 MST 2024
  **** Start of session at: Thu Sep 24 20:13:53 2026
    ** Copyright 1986-2022 Xilinx, Inc. All Rights Reserved.
    ** Copyright 2022-2024 Advanced Micro Devices, Inc. All Rights Reserved.

source NEXYS_A7.tcl -notrace
Command: synth_design -top NEXYS_A7 -part xc7a100tcsg324-1
Starting synth_design
Attempting to get a license for feature 'Synthesis' and/or device 'xc7a100t'
INFO: [Common 17-349] Got license for feature 'Synthesis' and/or device 'xc7a100t'
INFO: [Device 21-403] Loading part xc7a100tcsg324-1
INFO: [Synth 8-7079] Multithreading enabled for synth_design using a maximum of 2 processes.
INFO: [Synth 8-7078] Launching helper process for spawning children vivado processes
INFO: [Synth 8-7075] Helper process launched with PID 10864
---------------------------------------------------------------------------------
Starting RTL Elaboration : Time (s): cpu = 00:00:07 ; elapsed = 00:00:06 . Memory (MB): peak = 1041.555 ; gain = 466.809
---------------------------------------------------------------------------------
INFO: [Synth 8-6157] synthesizing module 'NEXYS_A7' [C:/Users/DCLAB/Downloads/files/NEXYS_A7.sv:1]
INFO: [Synth 8-6157] synthesizing module 'Top' [C:/Users/DCLAB/Downloads/files/Top.sv:2]
INFO: [Synth 8-6155] done synthesizing module 'Top' (0#1) [C:/Users/DCLAB/Downloads/files/Top.sv:2]
INFO: [Synth 8-6157] synthesizing module 'Seven_Segment_Display' [C:/Users/DCLAB/Downloads/files/Seven_Segment_Display.sv:1]
INFO: [Synth 8-6157] synthesizing module 'Display_digit' [C:/Users/DCLAB/Downloads/files/Seven_Segment_Display.sv:86]
INFO: [Synth 8-6155] done synthesizing module 'Display_digit' (0#1) [C:/Users/DCLAB/Downloads/files/Seven_Segment_Display.sv:86]
INFO: [Synth 8-6155] done synthesizing module 'Seven_Segment_Display' (0#1) [C:/Users/DCLAB/Downloads/files/Seven_Segment_Display.sv:1]
ERROR: [Synth 8-11365] for the instance 'seg0' of module 'Seven_Segment_Display' declared at 'C:/Users/DCLAB/Downloads/files/Seven_Segment_Display.sv:1', named port connection 'i_scan' does not exist [C:/Users/DCLAB/Downloads/files/NEXYS_A7.sv:122]
ERROR: [Synth 8-11365] for the instance 'seg0' of module 'Seven_Segment_Display' declared at 'C:/Users/DCLAB/Downloads/files/Seven_Segment_Display.sv:1', named port connection 'random_value' does not exist [C:/Users/DCLAB/Downloads/files/NEXYS_A7.sv:123]
WARNING: [Synth 8-7071] port 'i_digit0' of module 'Seven_Segment_Display' is unconnected for instance 'seg0' [C:/Users/DCLAB/Downloads/files/NEXYS_A7.sv:119]
WARNING: [Synth 8-7071] port 'i_digit1' of module 'Seven_Segment_Display' is unconnected for instance 'seg0' [C:/Users/DCLAB/Downloads/files/NEXYS_A7.sv:119]
WARNING: [Synth 8-7071] port 'i_digit2' of module 'Seven_Segment_Display' is unconnected for instance 'seg0' [C:/Users/DCLAB/Downloads/files/NEXYS_A7.sv:119]
WARNING: [Synth 8-7071] port 'i_digit3' of module 'Seven_Segment_Display' is unconnected for instance 'seg0' [C:/Users/DCLAB/Downloads/files/NEXYS_A7.sv:119]
WARNING: [Synth 8-7071] port 'i_digit4' of module 'Seven_Segment_Display' is unconnected for instance 'seg0' [C:/Users/DCLAB/Downloads/files/NEXYS_A7.sv:119]
WARNING: [Synth 8-7071] port 'i_digit5' of module 'Seven_Segment_Display' is unconnected for instance 'seg0' [C:/Users/DCLAB/Downloads/files/NEXYS_A7.sv:119]
WARNING: [Synth 8-7071] port 'i_digit6' of module 'Seven_Segment_Display' is unconnected for instance 'seg0' [C:/Users/DCLAB/Downloads/files/NEXYS_A7.sv:119]
WARNING: [Synth 8-7071] port 'i_digit7' of module 'Seven_Segment_Display' is unconnected for instance 'seg0' [C:/Users/DCLAB/Downloads/files/NEXYS_A7.sv:119]
WARNING: [Synth 8-7023] instance 'seg0' of module 'Seven_Segment_Display' has 18 connections declared, but only 10 given [C:/Users/DCLAB/Downloads/files/NEXYS_A7.sv:119]
INFO: [Synth 8-6157] synthesizing module 'Vga_Timing' [C:/Users/DCLAB/Downloads/files/Vga_Timing.sv:4]
ERROR: [Synth 8-6156] failed synthesizing module 'Vga_Timing' [C:/Users/DCLAB/Downloads/files/Vga_Timing.sv:4]
ERROR: [Synth 8-6156] failed synthesizing module 'NEXYS_A7' [C:/Users/DCLAB/Downloads/files/NEXYS_A7.sv:1]
---------------------------------------------------------------------------------
Finished RTL Elaboration : Time (s): cpu = 00:00:08 ; elapsed = 00:00:08 . Memory (MB): peak = 1147.746 ; gain = 573.000
---------------------------------------------------------------------------------
RTL Elaboration failed
INFO: [Common 17-83] Releasing license: Synthesis
14 Infos, 9 Warnings, 0 Critical Warnings and 5 Errors encountered.
synth_design failed
ERROR: [Common 17-69] Command failed: Synthesis failed - please see the console or run log file for details
INFO: [Common 17-206] Exiting Vivado at Thu Sep 24 20:14:10 2026...
